6 abacus
7 abdomen
9 abdominal
5 abide
7 abiding
7 ability
6 ablaze
4 able
8 abnormal
8 abrasion
8 abrasive
7 abreast
7 abridge
6 abroad
8 abruptly
7 absence
8 absentee
8 absently
8 absinthe
8 absolute
7 absolve
7 abstain
8 abstract
6 absurd
6 accent
7 acclaim
9 acclimate
9 accompany
7 account
8 accuracy
8 accurate
8 accustom
7 acetone
8 achiness
6 aching
4 acid
5 acorn
8 acquaint
7 acquire
4 acre
7 acrobat
7 acronym
6 acting
6 action
8 activate
9 activator
6 active
8 activism
8 activist
8 activity
7 actress
4 acts
7 acutely
9 acuteness
8 aeration
8 aerobics
7 aerosol
9 aerospace
4 afar
6 affair
8 affected
9 affecting
9 affection
9 affidavit
9 affiliate
6 affirm
5 affix
9 afflicted
8 affluent
6 afford
7 affront
6 aflame
6 afloat
8 aflutter
5 afoot
6 afraid
9 afterglow
9 afterlife
9 aftermath
9 aftermost
9 afternoon
4 aged
7 ageless
6 agency
6 agenda
5 agent
9 aggregate
6 aghast
5 agile
7 agility
5 aging
8 agnostic
7 agonize
9 agonizing
5 agony
9 agreeable
9 agreeably
6 agreed
8 agreeing
9 agreement
7 aground
5 ahead
4 ahoy
4 aide
4 aids
3 aim
4 ajar
9 alabaster
5 alarm
9 albatross
5 album
7 alfalfa
7 algebra
9 algorithm
5 alias
5 alibi
9 alienable
8 alienate
6 aliens
5 alike
5 alive
8 alkaline
8 alkalize
7 almanac
8 almighty
6 almost
4 aloe
5 aloft
5 aloha
5 alone
9 alongside
5 aloof
8 alphabet
7 alright
8 although
8 altitude
4 alto
8 aluminum
6 alumni
6 always
8 amaretto
5 amaze
9 amazingly
5 amber
8 ambiance
9 ambiguity
9 ambiguous
8 ambition
9 ambitious
9 ambulance
6 ambush
9 amendable
9 amendment
6 amends
7 amenity
7 amiable
8 amicably
4 amid
5 amigo
5 amino
5 amiss
7 ammonia
8 ammonium
7 amnesty
8 amniotic
5 among
6 amount
8 amperage
5 ample
9 amplifier
7 amplify
5 amply
5 amuck
6 amulet
8 amusable
6 amused
9 amusement
6 amuser
7 amusing
8 anaconda
9 anaerobic
7 anagram
9 anatomist
7 anatomy
6 anchor
7 anchovy
7 ancient
7 android
6 anemia
6 anemic
8 aneurism
4 anew
9 angelfish
7 angelic
5 anger
6 angled
6 angler
6 angles
7 angling
7 angrily
9 angriness
9 anguished
7 angular
6 animal
7 animate
9 animating
9 animation
8 animator
5 anime
9 animosity
5 ankle
5 annex
8 annotate
9 announcer
8 annoying
8 annually
7 annuity
8 anointer
7 another
9 answering
7 antacid
9 antarctic
8 anteater
8 antelope
8 antennae
6 anthem
7 anthill
9 anthology
8 antibody
6 antics
8 antidote
8 antihero
9 antiquely
8 antiques
9 antiquity
8 antirust
9 antitoxic
9 antitrust
9 antiviral
9 antivirus
6 antler
7 antonym
5 antsy
5 anvil
7 anybody
6 anyhow
7 anymore
6 anyone
8 anyplace
8 anything
7 anytime
6 anyway
8 anywhere
5 aorta
6 apache
7 apostle
9 appealing
6 appear
7 appease
9 appeasing
9 appendage
8 appendix
8 appetite
9 appetizer
7 applaud
8 applause
5 apple
9 appliance
9 applicant
7 applied
5 apply
9 appointee
9 appraisal
9 appraiser
9 apprehend
8 approach
8 approval
7 approve
7 apricot
5 april
5 apron
8 aptitude
5 aptly
4 aqua
8 aqueduct
9 arbitrary
9 arbitrate
8 ardently
4 area
5 arena
8 arguable
8 arguably
5 argue
5 arise
9 armadillo
7 armband
8 armchair
5 armed
6 armful
7 armhole
6 arming
7 armless
7 armoire
7 armored
6 armory
7 armrest
4 army
5 aroma
5 arose
6 around
7 arousal
7 arrange
5 array
6 arrest
7 arrival
6 arrive
9 arrogance
8 arrogant
5 arson
3 art
6 ascend
9 ascension
6 ascent
9 ascertain
7 ashamed
5 ashen
5 ashes
4 ashy
5 aside
5 askew
6 asleep
9 asparagus
6 aspect
8 aspirate
6 aspire
7 aspirin
8 astonish
7 astound
7 astride
9 astrology
9 astronaut
9 astronomy
6 astute
8 atlantic
5 atlas
4 atom
8 atonable
4 atop
6 atrium
9 atrocious
7 atrophy
6 attach
6 attain
7 attempt
9 attendant
8 attendee
9 attention
9 attentive
6 attest
5 attic
6 attire
8 attitude
9 attractor
9 attribute
8 atypical
7 auction
9 audacious
8 audacity
7 audible
7 audibly
8 audience
5 audio
8 audition
9 augmented
6 august
9 authentic
6 author
6 autism
8 autistic
9 autograph
9 automaker
9 automated
9 automatic
9 autopilot
9 available
9 avalanche
6 avatar
6 avenge
8 avenging
6 avenue
7 average
8 aversion
5 avert
8 aviation
7 aviator
4 avid
5 avoid
5 await
6 awaken
5 award
5 aware
6 awhile
7 awkward
6 awning
5 awoke
4 awry
4 axis
6 babble
8 babbling
6 babied
6 baboon
8 backache
9 backboard
9 backboned
8 backdrop
6 backed
6 backer
9 backfield
8 backfire
8 backhand
7 backing
9 backlands
8 backlash
8 backless
9 backlight
7 backlit
7 backlog
8 backpack
9 backpedal
8 backrest
8 backroom
9 backshift
8 backside
8 backslid
9 backspace
8 backspin
8 backstab
9 backstage
8 backtalk
9 backtrack
6 backup
8 backward
8 backwash
9 backwater
8 backyard
5 bacon
8 bacteria
9 bacterium
6 badass
5 badge
7 badland
5 badly
7 badness
6 baffle
8 baffling
5 bagel
6 bagful
7 baggage
6 bagged
6 baggie
9 bagginess
7 bagging
5 baggy
7 bagpipe
8 baguette
5 baked
6 bakery
8 bakeshop
6 baking
7 balance
9 balancing
7 balcony
5 balmy
8 balsamic
6 bamboo
6 banana
6 banish
8 banister
5 banjo
8 bankable
8 bankbook
6 banked
6 banker
7 banking
8 banknote
8 bankroll
6 banner
9 bannister
7 banshee
6 banter
8 barbecue
6 barbed
7 barbell
6 barber
7 barcode
5 barge
8 bargraph
7 barista
8 baritone
6 barley
7 barmaid
6 barman
4 barn
9 barometer
7 barrack
9 barracuda
6 barrel
8 barrette
9 barricade
7 barrier
8 barstool
9 bartender
8 barterer
4 bash
9 basically
6 basics
5 basil
5 basin
5 basis
6 basket
6 batboy
5 batch
4 bath
5 baton
4 bats
9 battalion
8 battered
9 battering
7 battery
7 batting
6 battle
6 bauble
7 bazooka
7 blabber
7 bladder
5 blade
4 blah
5 blame
7 blaming
9 blanching
9 blandness
5 blank
9 blaspheme
9 blasphemy
5 blast
8 blatancy
9 blatantly
6 blazer
7 blazing
6 bleach
5 bleak
5 bleep
7 blemish
5 blend
5 bless
8 blighted
5 blimp
5 bling
7 blinked
7 blinker
8 blinking
6 blinks
4 blip
8 blissful
5 blitz
8 blizzard
7 bloated
8 bloating
4 blob
4 blog
8 bloomers
8 blooming
7 blooper
4 blot
6 blouse
7 blubber
5 bluff
6 bluish
9 blunderer
5 blunt
5 blurb
7 blurred
6 blurry
5 blurt
5 blush
8 blustery
7 boaster
8 boastful
8 boasting
4 boat
6 bobbed
7 bobbing
6 bobble
6 bobcat
7 bobsled
7 bobtail
9 bodacious
4 body
6 bogged
6 boggle
5 bogus
4 boil
3 bok
7 bolster
4 bolt
7 bonanza
6 bonded
7 bonding
8 bondless
5 boned
8 bonehead
8 boneless
8 bonelike
5 boney
7 bonfire
6 bonnet
6 bonsai
5 bonus
4 bony
9 boogeyman
9 boogieman
4 book
9 boondocks
6 booted
5 booth
6 bootie
7 booting
8 bootlace
7 bootleg
5 boots
5 boozy
5 borax
6 boring
7 borough
8 borrower
9 borrowing
4 boss
9 botanical
8 botanist
6 botany
5 botch
4 both
6 bottle
8 bottling
6 bottom
6 bounce
8 bouncing
6 bouncy
8 bounding
9 boundless
9 bountiful
6 bovine
6 boxcar
5 boxer
6 boxing
7 boxlike
4 boxy
6 breach
6 breath
8 breeches
9 breeching
7 breeder
8 breeding
6 breeze
6 breezy
8 brethren
7 brewery
7 brewing
5 briar
5 bribe
5 brick
5 bride
7 bridged
7 brigade
6 bright
9 brilliant
4 brim
5 bring
5 brink
7 brisket
7 briskly
9 briskness
7 bristle
7 brittle
9 broadband
9 broadcast
7 broaden
7 broadly
9 broadness
9 broadside
9 broadways
7 broiler
8 broiling
6 broken
6 broker
9 bronchial
6 bronco
6 bronze
8 bronzing
5 brook
5 broom
7 brought
8 browbeat
9 brownnose
6 browse
8 browsing
8 bruising
6 brunch
8 brunette
5 brunt
5 brush
8 brussels
5 brute
9 brutishly
6 bubble
8 bubbling
6 bubbly
9 buccaneer
6 bucked
6 bucket
6 buckle
8 buckshot
8 buckskin
9 bucktooth
9 buckwheat
8 buddhism
8 buddhist
7 budding
5 buddy
6 budget
7 buffalo
6 buffed
6 buffer
7 buffing
7 buffoon
5 buggy
4 bulb
5 bulge
9 bulginess
6 bulgur
4 bulk
7 bulldog
9 bulldozer
9 bullfight
8 bullfrog
8 bullhorn
7 bullion
7 bullish
7 bullpen
8 bullring
8 bullseye
8 bullwhip
5 bully
5 bunch
6 bundle
6 bungee
6 bunion
7 bunkbed
9 bunkhouse
8 bunkmate
5 bunny
4 bunt
6 busboy
4 bush
6 busily
7 busload
4 bust
8 busybody
4 buzz
6 cabana
7 cabbage
6 cabbie
9 cabdriver
5 cable
7 caboose
5 cache
6 cackle
5 cacti
6 cactus
6 caddie
5 caddy
5 cadet
8 cadillac
7 cadmium
4 cage
7 cahoots
4 cake
8 calamari
8 calamity
7 calcium
9 calculate
8 calculus
7 caliber
9 calibrate
4 calm
7 caloric
7 calorie
7 calzone
9 camcorder
5 cameo
6 camera
8 camisole
6 camper
8 campfire
7 camping
8 campsite
6 campus
5 canal
6 canary
6 cancel
7 candied
6 candle
5 candy
4 cane
6 canine
8 canister
8 cannabis
6 canned
7 canning
6 cannon
6 cannot
6 canola
5 canon
9 canopener
6 canopy
7 canteen
6 canyon
7 capable
7 capably
8 capacity
4 cape
9 capillary
7 capital
7 capitol
6 capped
9 capricorn
7 capsize
7 capsule
7 caption
9 captivate
7 captive
9 captivity
7 capture
7 caramel
5 carat
7 caravan
6 carbon
9 cardboard
6 carded
7 cardiac
8 cardigan
8 cardinal
9 cardstock
9 carefully
9 caregiver
8 careless
6 caress
9 caretaker
5 cargo
6 caring
7 carless
7 carload
8 carmaker
7 carnage
9 carnation
8 carnival
9 carnivore
5 carol
9 carpenter
9 carpentry
7 carpool
7 carport
7 carried
6 carrot
9 carrousel
5 carry
6 cartel
8 cartload
6 carton
7 cartoon
9 cartridge
9 cartwheel
5 carve
7 carving
7 carwash
7 cascade
4 case
4 cash
6 casing
6 casino
6 casket
8 cassette
8 casually
8 casualty
8 catacomb
7 catalog
8 catalyst
8 catalyze
8 catapult
8 cataract
9 catatonic
7 catcall
9 catchable
7 catcher
8 catching
6 catchy
7 caterer
8 catering
8 catfight
7 catfish
9 cathedral
8 cathouse
7 catlike
6 catnap
6 catnip
6 catsup
7 cattail
9 cattishly
6 cattle
5 catty
7 catwalk
9 caucasian
6 caucus
6 causal
9 causation
5 cause
7 causing
9 cauterize
7 caution
8 cautious
8 cavalier
7 cavalry
6 caviar
6 cavity
5 cedar
6 celery
9 celestial
8 celibacy
8 celibate
6 celtic
6 cement
6 census
8 ceramics
8 ceremony
9 certainly
9 certainty
9 certified
7 certify
8 cesarean
8 cesspool
5 chafe
8 chaffing
5 chain
5 chair
7 chalice
9 challenge
7 chamber
9 chamomile
8 champion
6 chance
6 change
7 channel
5 chant
5 chaos
9 chaperone
8 chaplain
7 chapped
5 chaps
7 chapter
9 character
9 charbroil
8 charcoal
7 charger
8 charging
7 chariot
7 charity
5 charm
7 charred
7 charter
8 charting
5 chase
7 chasing
6 chaste
8 chastise
8 chastity
8 chatroom
7 chatter
8 chatting
6 chatty
8 cheating
7 cheddar
5 cheek
5 cheer
6 cheese
6 cheesy
4 chef
9 chemicals
7 chemist
5 chemo
9 cherisher
6 cherub
5 chess
5 chest
7 chevron
5 chevy
8 chewable
6 chewer
7 chewing
5 chewy
5 chief
9 chihuahua
9 childcare
9 childhood
8 childish
9 childless
9 childlike
5 chili
5 chill
5 chimp
4 chip
8 chirping
6 chirpy
8 chitchat
8 chivalry
5 chive
8 chloride
8 chlorine
6 choice
9 chokehold
7 choking
5 chomp
7 chooser
8 choosing
6 choosy
4 chop
6 chosen
7 chowder
8 chowtime
6 chrome
6 chubby
5 chuck
4 chug
6 chummy
5 chump
5 chunk
5 churn
5 chute
5 cider
8 cilantro
5 cinch
6 cinema
8 cinnamon
6 circle
8 circling
8 circular
9 circulate
6 circus
7 citable
7 citadel
8 citation
7 citizen
6 citric
6 citrus
4 city
5 civic
5 civil
4 clad
5 claim
8 clambake
6 clammy
6 clamor
5 clamp
9 clamshell
5 clang
8 clanking
7 clapped
7 clapper
8 clapping
7 clarify
8 clarinet
7 clarity
5 clash
5 clasp
5 class
7 clatter
6 clause
8 clavicle
4 claw
4 clay
5 clean
5 clear
5 cleat
7 cleaver
5 cleft
6 clench
9 clergyman
8 clerical
5 clerk
6 clever
7 clicker
6 client
7 climate
8 climatic
5 cling
6 clinic
8 clinking
4 clip
6 clique
5 cloak
7 clobber
5 clock
5 clone
7 cloning
8 closable
7 closure
7 clothes
8 clothing
5 cloud
6 clover
7 clubbed
8 clubbing
9 clubhouse
5 clump
8 clumsily
6 clumsy
6 clunky
9 clustered
6 clutch
7 clutter
5 coach
9 coagulant
7 coastal
7 coaster
8 coasting
9 coastland
9 coastline
4 coat
8 coauthor
6 cobalt
7 cobbler
6 cobweb
5 cocoa
7 coconut
3 cod
8 coeditor
6 coerce
7 coexist
6 coffee
9 cofounder
9 cognition
9 cognitive
8 cogwheel
9 coherence
8 coherent
8 cohesive
4 coil
4 coke
4 cola
4 cold
8 coleslaw
8 coliseum
7 collage
8 collapse
6 collar
9 collected
9 collector
7 collide
6 collie
9 collision
8 colonial
8 colonist
8 colonize
6 colony
8 colossal
4 colt
4 coma
4 come
7 comfort
5 comfy
5 comic
6 coming
5 comma
8 commence
7 commend
7 comment
8 commerce
7 commode
9 commodity
9 commodore
6 common
9 commotion
7 commute
9 commuting
9 compacted
9 compacter
9 compactly
9 compactor
9 companion
7 company
7 compare
6 compel
7 compile
6 comply
9 component
8 composed
8 composer
9 composite
7 compost
9 composure
8 compound
8 compress
9 comprised
8 computer
9 computing
7 comrade
7 concave
7 conceal
8 conceded
7 concept
9 concerned
7 concert
5 conch
9 concierge
7 concise
8 conclude
8 concrete
6 concur
8 condense
9 condiment
9 condition
7 condone
9 conducive
9 conductor
7 conduit
4 cone
7 confess
8 confetti
9 confidant
9 confident
8 confider
9 confiding
9 configure
8 confined
9 confining
7 confirm
8 conflict
7 conform
8 confound
8 confront
8 confused
9 confusing
9 confusion
9 congenial
9 congested
8 congrats
8 congress
7 conical
9 conjoined
7 conjure
8 conjuror
9 connected
9 connector
9 consensus
7 consent
7 console
9 consoling
9 consonant
9 constable
8 constant
9 constrain
9 constrict
9 construct
7 consult
8 consumer
9 consuming
7 contact
9 container
8 contempt
7 contend
9 contented
9 contently
8 contents
7 contest
7 context
7 contort
7 contour
8 contrite
7 control
9 contusion
7 convene
7 convent
9 copartner
4 cope
6 copied
6 copier
7 copilot
6 coping
7 copious
6 copper
4 copy
5 coral
4 cork
8 cornball
9 cornbread
7 corncob
6 cornea
6 corned
6 corner
9 cornfield
9 cornflake
8 cornhusk
8 cornmeal
9 cornstalk
5 corny
8 coronary
7 coroner
8 corporal
9 corporate
6 corral
7 correct
8 corridor
7 corrode
9 corroding
9 corrosive
7 corsage
6 corset
6 cortex
8 cosigner
9 cosmetics
6 cosmic
6 cosmos
9 cosponsor
4 cost
7 cottage
6 cotton
5 couch
5 cough
5 could
9 countable
9 countdown
8 counting
9 countless
7 country
6 county
7 courier
8 covenant
5 cover
7 coveted
8 coveting
7 coyness
6 cozily
8 coziness
4 cozy
8 crabbing
9 crabgrass
8 crablike
8 crabmeat
6 cradle
8 cradling
7 crafter
8 craftily
9 craftsman
9 craftwork
6 crafty
5 cramp
9 cranberry
5 crane
7 cranial
7 cranium
5 crank
5 crate
5 crave
7 craving
8 crawfish
8 crawlers
8 crawling
8 crayfish
6 crayon
6 crazed
7 crazily
9 craziness
5 crazy
7 creamed
7 creamer
9 creamlike
6 crease
8 creasing
9 creatable
6 create
8 creation
8 creative
8 creature
8 credible
8 credibly
6 credit
5 creed
5 creme
6 creole
5 crepe
5 crept
8 crescent
7 crested
8 cresting
9 crestless
7 crevice
8 crewless
7 crewman
8 crewmate
4 crib
7 cricket
5 cried
5 crier
5 crimp
7 crimson
6 cringe
8 cringing
7 crinkle
7 crinkly
7 crisped
8 crisping
7 crisply
9 crispness
6 crispy
8 criteria
7 critter
5 croak
5 crock
5 crook
5 croon
4 crop
5 cross
6 crouch
7 crouton
7 crowbar
5 crowd
5 crown
7 crucial
7 crudely
9 crudeness
7 cruelly
9 cruelness
7 cruelty
5 crumb
9 crummiest
6 crummy
7 crumpet
8 crumpled
8 cruncher
9 crunching
7 crunchy
8 crusader
9 crushable
7 crushed
7 crusher
8 crushing
5 crust
4 crux
6 crying
7 cryptic
7 crystal
9 cubbyhole
4 cube
7 cubical
7 cubicle
8 cucumber
6 cuddle
6 cuddly
8 cufflink
8 culinary
9 culminate
8 culpable
7 culprit
9 cultivate
8 cultural
7 culture
9 cupbearer
7 cupcake
5 cupid
6 cupped
7 cupping
7 curable
7 curator
6 curdle
4 cure
6 curfew
6 curing
6 curled
6 curler
9 curliness
7 curling
5 curly
5 curry
5 curse
7 cursive
6 cursor
7 curtain
6 curtly
6 curtsy
9 curvature
5 curve
5 curvy
5 cushy
4 cusp
6 cussed
7 custard
9 custodian
7 custody
9 customary
8 customer
9 customize
7 customs
3 cut
5 cycle
6 cyclic
7 cycling
7 cyclist
8 cylinder
6 cymbal
9 cytoplasm
9 cytoplast
3 dab
3 dad
8 daffodil
6 dagger
5 daily
8 daintily
6 dainty
5 dairy
5 daisy
8 dallying
5 dance
7 dancing
9 dandelion
6 dander
8 dandruff
5 dandy
6 danger
6 dangle
8 dangling
9 daredevil
5 dares
8 daringly
8 darkened
9 darkening
7 darkish
8 darkness
8 darkroom
7 darling
4 darn
4 dart
9 darwinism
4 dash
9 dastardly
4 data
8 datebook
6 dating
8 daughter
8 daunting
7 dawdler
4 dawn
6 daybed
8 daybreak
7 daycare
8 daydream
8 daylight
7 daylong
7 dayroom
7 daytime
7 dazzler
8 dazzling
6 deacon
9 deafening
8 deafness
6 dealer
7 dealing
9 dealmaker
5 dealt
4 dean
9 debatable
6 debate
8 debating
5 debit
7 debrief
8 debtless
6 debtor
5 debug
6 debunk
6 decade
5 decaf
5 decal
9 decathlon
5 decay
8 deceased
6 deceit
8 deceiver
9 deceiving
8 december
7 decency
6 decent
9 deception
9 deceptive
7 decibel
9 decidable
7 decimal
9 decimeter
8 decipher
4 deck
8 declared
7 decline
6 decode
9 decompose
9 decorated
9 decorator
5 decoy
8 decrease
6 decree
8 dedicate
9 dedicator
6 deduce
6 deduct
4 deed
4 deem
6 deepen
6 deeply
8 deepness
6 deface
8 defacing
6 defame
7 default
6 defeat
9 defection
9 defective
9 defendant
8 defender
7 defense
9 defensive
8 deferral
8 deferred
8 defiance
7 defiant
6 defile
8 defiling
6 define
8 definite
7 deflate
9 deflation
8 deflator
9 deflected
9 deflector
5 defog
8 deforest
7 defraud
7 defrost
6 deftly
6 defuse
4 defy
8 degraded
9 degrading
8 degrease
6 degree
9 dehydrate
5 deity
8 dejected
5 delay
8 delegate
9 delegator
6 delete
8 deletion
8 delicacy
8 delicate
9 delicious
9 delighted
9 delirious
8 delirium
9 deliverer
8 delivery
7 delouse
5 delta
6 deluge
8 delusion
6 deluxe
9 demanding
9 demeaning
8 demeanor
6 demise
9 democracy
8 democrat
6 demote
8 demotion
9 demystify
9 denatured
8 deniable
6 denial
5 denim
6 denote
5 dense
7 density
6 dental
7 dentist
7 denture
4 deny
9 deodorant
9 deodorize
8 departed
9 departure
6 depict
7 deplete
9 depletion
8 deplored
6 deploy
6 deport
6 depose
8 depraved
9 depravity
9 deprecate
7 depress
7 deprive
5 depth
8 deputize
6 deputy
6 derail
8 deranged
5 derby
7 derived
9 desecrate
7 deserve
9 deserving
9 designate
8 designed
8 designer
9 designing
9 deskbound
7 desktop
8 deskwork
8 desolate
7 despair
7 despise
7 despite
7 destiny
9 destitute
8 destruct
8 detached
6 detail
9 detection
9 detective
8 detector
9 detention
9 detergent
6 detest
8 detonate
9 detonator
8 detoxify
7 detract
5 deuce
7 devalue
8 deviancy
7 deviant
7 deviate
9 deviation
8 deviator
6 device
7 devious
9 devotedly
7 devotee
8 devotion
8 devourer
9 devouring
8 devoutly
9 dexterity
9 dexterous
8 diabetes
8 diabetic
8 diabolic
9 diagnoses
9 diagnosis
7 diagram
4 dial
8 diameter
6 diaper
9 diaphragm
5 diary
4 dice
6 dicing
7 dictate
9 dictation
8 dictator
9 difficult
8 diffused
8 diffuser
9 diffusion
9 diffusive
3 dig
8 dilation
9 diligence
8 diligent
4 dill
6 dilute
4 dime
8 diminish
5 dimly
6 dimmed
6 dimmer
7 dimness
6 dimple
5 diner
7 dingbat
6 dinghy
9 dinginess
5 dingo
5 dingy
6 dining
6 dinner
7 diocese
7 dioxide
7 diploma
6 dipped
6 dipper
7 dipping
8 directed
9 direction
9 directive
8 directly
9 directory
8 direness
9 dirtiness
8 disabled
8 disagree
8 disallow
6 disarm
8 disarray
8 disaster
7 disband
9 disbelief
8 disburse
7 discard
7 discern
9 discharge
8 disclose
8 discolor
8 discount
9 discourse
8 discover
7 discuss
7 disdain
9 disengage
9 disfigure
8 disgrace
4 dish
9 disinfect
7 disjoin
4 disk
7 dislike
9 disliking
9 dislocate
8 dislodge
8 disloyal
9 dismantle
6 dismay
7 dismiss
8 dismount
7 disobey
8 disorder
6 disown
9 disparate
9 disparity
8 dispatch
8 dispense
9 dispersal
9 dispersed
9 disperser
8 displace
7 display
9 displease
8 disposal
7 dispose
8 disprove
7 dispute
9 disregard
7 disrupt
8 dissuade
8 distance
7 distant
8 distaste
7 distill
8 distinct
7 distort
8 distract
8 distress
8 district
8 distrust
5 ditch
5 ditto
5 ditzy
9 dividable
7 divided
8 dividend
8 dividers
8 dividing
8 divinely
6 diving
8 divinity
9 divisible
9 divisibly
8 division
8 divisive
8 divorcee
9 dizziness
5 dizzy
6 doable
6 docile
4 dock
8 doctrine
8 document
5 dodge
5 dodgy
5 doily
5 doing
4 dole
6 dollar
9 dollhouse
6 dollop
5 dolly
7 dolphin
6 domain
8 domelike
8 domestic
8 dominion
8 dominoes
7 donated
8 donation
7 donator
5 donor
5 donut
6 doodle
8 doorbell
9 doorframe
8 doorknob
7 doorman
7 doormat
8 doornail
8 doorpost
8 doorstep
8 doorstop
7 doorway
5 doozy
4 dork
9 dormitory
6 dorsal
6 dosage
4 dose
6 dotted
8 doubling
6 douche
4 dove
4 down
5 dowry
4 doze
4 drab
8 dragging
9 dragonfly
9 dragonish
8 dragster
9 drainable
8 drainage
7 drained
7 drainer
9 drainpipe
8 dramatic
9 dramatize
5 drank
7 drapery
7 drastic
4 draw
7 dreaded
8 dreadful
9 dreadlock
9 dreamboat
8 dreamily
9 dreamland
9 dreamless
9 dreamlike
6 dreamt
6 dreamy
8 drearily
6 dreary
6 drench
5 dress
4 drew
7 dribble
5 dried
5 drier
5 drift
7 driller
8 drilling
9 drinkable
8 drinking
8 dripping
6 drippy
8 drivable
6 driven
6 driver
8 driveway
7 driving
7 drizzle
7 drizzly
5 drone
5 drool
5 droop
9 drop-down
7 dropbox
8 dropkick
7 droplet
7 dropout
7 dropper
5 drove
5 drown
8 drowsily
6 drudge
4 drum
3 dry
6 dubbed
9 dubiously
7 duchess
8 duckbill
7 ducking
8 duckling
8 ducktail
5 ducky
4 duct
4 dude
6 duffel
6 dugout
3 duh
4 duke
6 duller
8 dullness
4 duly
7 dumping
8 dumpling
8 dumpster
3 duo
4 dupe
6 duplex
9 duplicate
9 duplicity
7 durable
7 durably
8 duration
6 duress
6 during
4 dusk
4 dust
7 dutiful
4 duty
5 duvet
5 dwarf
5 dweeb
7 dwelled
7 dweller
8 dwelling
7 dwindle
9 dwindling
7 dynamic
8 dynamite
7 dynasty
8 dyslexia
8 dyslexic
4 each
5 eagle
7 earache
7 eardrum
7 earflap
6 earful
7 earlobe
5 early
7 earmark
7 earmuff
8 earphone
8 earpiece
8 earplugs
7 earring
7 earshot
7 earthen
9 earthlike
9 earthling
7 earthly
9 earthworm
6 earthy
6 earwig
7 easeful
5 easel
7 easiest
6 easily
8 easiness
6 easing
9 eastbound
9 eastcoast
6 easter
8 eastward
7 eatable
5 eaten
6 eatery
6 eating
4 eats
4 ebay
5 ebony
5 ebook
5 ecard
9 eccentric
4 echo
6 eclair
7 eclipse
9 ecologist
7 ecology
8 economic
9 economist
7 economy
9 ecosphere
9 ecosystem
4 edge
8 edginess
6 edging
4 edgy
7 edition
6 editor
8 educated
9 education
8 educator
3 eel
9 effective
7 effects
9 efficient
6 effort
9 eggbeater
6 egging
6 eggnog
8 eggplant
8 eggshell
9 egomaniac
7 egotism
9 egotistic
6 either
5 eject
9 elaborate
7 elastic
6 elated
5 elbow
9 eldercare
7 elderly
6 eldest
9 electable
8 election
8 elective
8 elephant
7 elevate
9 elevating
9 elevation
8 elevator
6 eleven
3 elf
8 eligible
8 eligibly
9 eliminate
5 elite
7 elitism
6 elixir
3 elk
7 ellipse
8 elliptic
3 elm
9 elongated
5 elope
9 eloquence
8 eloquent
9 elsewhere
5 elude
7 elusive
5 elves
5 email
7 embargo
6 embark
7 embassy
9 embattled
9 embellish
5 ember
8 embezzle
7 emblaze
6 emblem
6 embody
8 embolism
6 emboss
9 embroider
5 emcee
7 emerald
9 emergency
8 emission
4 emit
5 emote
8 emoticon
7 emotion
8 empathic
7 empathy
7 emperor
8 emphases
8 emphasis
9 emphasize
8 emphatic
9 empirical
8 employed
8 employee
8 employer
8 emporium
7 empower
7 emptier
9 emptiness
5 empty
3 emu
6 enable
9 enactment
6 enamel
9 enchanted
9 enchilada
8 encircle
7 enclose
9 enclosure
6 encode
6 encore
9 encounter
9 encourage
8 encroach
7 encrust
7 encrypt
8 endanger
8 endeared
9 endearing
5 ended
6 ending
7 endless
7 endnote
9 endocrine
9 endorphin
7 endorse
9 endowment
8 endpoint
9 endurable
9 endurance
8 enduring
9 energetic
8 energize
6 energy
8 enforced
8 enforcer
7 engaged
8 engaging
6 engine
7 engorge
8 engraved
8 engraver
9 engraving
7 engross
6 engulf
7 enhance
9 enigmatic
9 enjoyable
9 enjoyably
7 enjoyer
8 enjoying
9 enjoyment
8 enlarged
9 enlarging
9 enlighten
8 enlisted
8 enquirer
6 enrage
6 enrich
6 enroll
7 enslave
7 ensnare
6 ensure
6 entail
9 entangled
8 entering
9 entertain
8 enticing
6 entire
7 entitle
6 entity
6 entomb
9 entourage
6 entrap
6 entree
8 entrench
7 entrust
8 entryway
7 entwine
9 enunciate
8 envelope
8 enviable
8 enviably
7 envious
8 envision
5 envoy
4 envy
6 enzyme
4 epic
8 epidemic
9 epidermal
9 epidermis
8 epidural
8 epilepsy
9 epileptic
8 epilogue
8 epiphany
7 episode
5 equal
6 equate
8 equation
7 equator
7 equinox
9 equipment
6 equity
9 equivocal
9 eradicate
8 erasable
6 erased
6 eraser
7 erasure
9 ergonomic
6 errand
6 errant
7 erratic
5 error
5 erupt
8 escalate
9 escalator
9 escapable
8 escapade
8 escapist
8 escargot
6 eskimo
9 esophagus
9 espionage
8 espresso
7 esquire
5 essay
7 essence
9 essential
9 establish
6 estate
8 esteemed
8 estimate
9 estimator
9 estranged
8 estrogen
7 etching
7 eternal
8 eternity
7 ethanol
5 ether
9 ethically
6 ethics
9 euphemism
8 evacuate
7 evacuee
5 evade
8 evaluate
9 evaluator
9 evaporate
7 evasion
7 evasive
4 even
9 everglade
9 evergreen
9 everybody
8 everyday
8 everyone
5 evict
8 evidence
7 evident
4 evil
5 evoke
9 evolution
6 evolve
5 exact
7 exalted
7 example
8 excavate
9 excavator
9 exceeding
9 exception
6 excess
8 exchange
9 excitable
8 exciting
7 exclaim
7 exclude
9 excluding
9 exclusion
9 exclusive
9 excretion
9 excretory
9 excursion
9 excusable
9 excusably
6 excuse
9 exemplary
9 exemplify
9 exemption
9 exerciser
5 exert
4 exes
9 exfoliate
6 exhale
7 exhaust
6 exhume
5 exile
8 existing
4 exit
6 exodus
9 exonerate
8 exorcism
8 exorcist
6 expand
7 expanse
9 expansion
9 expansive
9 expectant
9 expedited
9 expediter
5 expel
6 expend
8 expenses
9 expensive
6 expert
6 expire
8 expiring
7 explain
9 expletive
8 explicit
7 explode
7 exploit
7 explore
9 exploring
8 exponent
8 exporter
9 exposable
6 expose
8 exposure
7 express
9 expulsion
9 exquisite
8 extended
9 extending
6 extent
9 extenuate
8 exterior
8 external
7 extinct
9 extortion
9 extradite
6 extras
9 extrovert
7 extrude
9 extruding
9 exuberant
5 fable
6 fabric
8 fabulous
8 facebook
9 facecloth
8 facedown
8 faceless
8 facelift
9 faceplate
7 faceted
6 facial
8 facility
6 facing
9 facsimile
7 faction
7 factoid
6 factor
9 factsheet
7 factual
7 faculty
4 fade
6 fading
7 failing
6 falcon
4 fall
5 false
7 falsify
4 fame
8 familiar
6 family
6 famine
8 famished
7 fanatic
7 fancied
9 fanciness
5 fancy
7 fanfare
4 fang
7 fanning
9 fantasize
9 fantastic
7 fantasy
7 fascism
8 fastball
6 faster
7 fasting
8 fastness
6 faucet
9 favorable
9 favorably
7 favored
8 favoring
8 favorite
3 fax
5 feast
7 federal
6 fedora
6 feeble
4 feed
4 feel
6 feisty
6 feline
8 felt-tip
8 feminine
8 feminism
8 feminist
8 feminize
5 femur
5 fence
7 fencing
6 fender
7 ferment
8 fernlike
9 ferocious
8 ferocity
6 ferret
6 ferris
5 ferry
6 fervor
6 fester
8 festival
7 festive
9 festivity
5 fetal
5 fetch
5 fever
5 fiber
7 fiction
6 fiddle
8 fiddling
8 fidelity
9 fidgeting
7 fidgety
7 fifteen
5 fifth
8 fiftieth
5 fifty
7 figment
6 figure
8 figurine
6 filing
6 filled
6 filler
7 filling
4 film
6 filter
5 filth
8 filtrate
6 finale
8 finalist
8 finalize
7 finally
7 finance
9 financial
5 finch
8 fineness
5 finer
7 finicky
8 finished
8 finisher
9 finishing
6 finite
7 finless
7 finlike
8 fiscally
3 fit
4 five
7 flaccid
7 flagman
8 flagpole
8 flagship
9 flagstick
9 flagstone
5 flail
7 flakily
5 flaky
5 flame
9 flammable
7 flanked
8 flanking
8 flannels
4 flap
7 flaring
9 flashback
9 flashbulb
9 flashcard
8 flashily
8 flashing
6 flashy
5 flask
7 flatbed
8 flatfoot
6 flatly
8 flatness
7 flatten
9 flattered
9 flatterer
8 flattery
7 flattop
8 flatware
8 flatworm
8 flavored
9 flavorful
9 flavoring
8 flaxseed
4 fled
7 fleshed
6 fleshy
5 flick
5 flier
6 flight
6 flinch
5 fling
5 flint
4 flip
5 flirt
5 float
5 flock
8 flogging
4 flop
6 floral
7 florist
5 floss
8 flounder
7 flyable
7 flyaway
5 flyer
6 flying
7 flyover
8 flypaper
4 foam
3 foe
3 fog
4 foil
5 folic
4 folk
8 follicle
6 follow
8 fondling
6 fondly
8 fondness
6 fondue
4 font
4 food
4 fool
7 footage
8 football
8 footbath
9 footboard
6 footer
8 footgear
8 foothill
8 foothold
7 footing
8 footless
7 footman
8 footnote
7 footpad
8 footpath
9 footprint
8 footrest
7 footsie
8 footsore
8 footwear
8 footwork
6 fossil
6 foster
7 founder
8 founding
8 fountain
3 fox
5 foyer
8 fraction
8 fracture
7 fragile
9 fragility
8 fragment
9 fragrance
8 fragrant
5 frail
5 frame
7 framing
7 frantic
9 fraternal
6 frayed
7 fraying
5 frays
8 freckled
8 freckles
8 freebase
7 freebee
7 freebie
7 freedom
8 freefall
8 freehand
7 freeing
8 freeload
6 freely
9 freemason
8 freeness
9 freestyle
8 freeware
7 freeway
8 freewill
9 freezable
8 freezing
7 freight
6 french
8 frenzied
6 frenzy
9 frequency
8 frequent
5 fresh
7 fretful
7 fretted
8 friction
6 friday
6 fridge
5 fried
6 friend
8 frighten
9 frightful
9 frigidity
8 frigidly
5 frill
6 fringe
7 frisbee
5 frisk
7 fritter
9 frivolous
6 frolic
4 from
5 front
9 frostbite
7 frosted
8 frostily
8 frosting
9 frostlike
6 frosty
5 froth
5 frown
6 frozen
8 fructose
9 frugality
8 frugally
5 fruit
9 frustrate
6 frying
3 gab
5 gaffe
3 gag
9 gainfully
7 gaining
5 gains
4 gala
9 gallantly
8 galleria
7 gallery
6 galley
6 gallon
7 gallows
9 gallstone
6 galore
9 galvanize
8 gambling
4 game
6 gaming
5 gamma
6 gander
6 gangly
8 gangrene
7 gangway
3 gap
6 garage
7 garbage
6 garden
6 gargle
7 garland
6 garlic
7 garment
6 garnet
7 garnish
6 garter
3 gas
8 gatherer
9 gathering
6 gating
7 gauging
8 gauntlet
5 gauze
4 gave
4 gawk
6 gazing
4 gear
5 gecko
4 geek
6 geiger
3 gem
6 gender
7 generic
8 generous
8 genetics
5 genre
7 gentile
9 gentleman
6 gently
5 gents
9 geography
8 geologic
9 geologist
7 geology
9 geometric
8 geometry
8 geranium
6 gerbil
9 geriatric
9 germicide
9 germinate
8 germless
9 germproof
7 gestate
9 gestation
7 gesture
7 getaway
7 getting
5 getup
5 giant
9 gibberish
6 giblet
7 giddily
9 giddiness
5 giddy
4 gift
8 gigabyte
9 gigahertz
8 gigantic
6 giggle
8 giggling
6 giggly
6 gigolo
6 gilled
5 gills
7 gimmick
6 girdle
8 giveaway
5 given
5 giver
6 giving
5 gizmo
7 gizzard
7 glacial
7 glacier
5 glade
9 gladiator
6 gladly
9 glamorous
7 glamour
6 glance
8 glancing
9 glandular
5 glare
7 glaring
5 glass
8 glaucoma
7 glazing
8 gleaming
7 gleeful
6 glider
7 gliding
7 glimmer
7 glimpse
7 glisten
6 glitch
7 glitter
6 glitzy
7 gloater
8 gloating
8 gloomily
6 gloomy
9 glorified
9 glorifier
7 glorify
8 glorious
5 glory
5 gloss
5 glove
7 glowing
8 glowworm
7 glucose
4 glue
6 gluten
9 glutinous
7 glutton
6 gnarly
4 gnat
4 goal
8 goatskin
4 goes
7 goggles
5 going
8 goldfish
8 goldmine
9 goldsmith
4 golf
7 goliath
5 gonad
7 gondola
4 gone
4 gong
4 good
5 gooey
8 goofball
9 goofiness
5 goofy
6 google
4 goon
6 gopher
4 gore
6 gorged
8 gorgeous
4 gory
7 gosling
6 gossip
6 gothic
6 gotten
4 gout
4 gown
4 grab
8 graceful
9 graceless
8 gracious
9 gradation
6 graded
6 grader
8 gradient
7 grading
9 gradually
8 graduate
8 graffiti
7 grafted
8 grafting
5 grain
8 granddad
8 grandkid
7 grandly
7 grandma
7 grandpa
8 grandson
7 granite
6 granny
7 granola
5 grant
8 granular
5 grape
5 graph
7 grapple
9 grappling
5 grasp
5 grass
9 gratified
7 gratify
7 grating
9 gratitude
8 gratuity
6 gravel
9 graveness
6 graves
9 graveyard
9 gravitate
7 gravity
5 gravy
4 gray
7 grazing
8 greasily
8 greedily
9 greedless
6 greedy
5 green
7 greeter
8 greeting
4 grew
9 greyhound
4 grid
5 grief
9 grievance
8 grieving
8 grievous
5 grill
7 grimace
9 grimacing
5 grime
9 griminess
5 grimy
6 grinch
8 grinning
4 grip
7 gristle
4 grit
8 groggily
6 groggy
5 groin
5 groom
6 groove
8 grooving
6 groovy
5 grope
6 ground
7 grouped
5 grout
5 grove
6 grower
7 growing
5 growl
4 grub
6 grudge
8 grudging
8 grueling
7 gruffly
7 grumble
9 grumbling
7 grumbly
8 grumpily
6 grunge
5 grunt
9 guacamole
8 guidable
8 guidance
5 guide
7 guiding
9 guileless
5 guise
4 gulf
8 gullible
5 gully
4 gulp
7 gumball
7 gumdrop
9 gumminess
7 gumming
5 gummy
6 gurgle
8 gurgling
4 guru
4 gush
5 gusto
5 gusty
7 gutless
4 guts
6 gutter
3 guy
7 guzzler
8 gyration
9 habitable
8 habitant
7 habitat
8 habitual
6 hacked
6 hacker
7 hacking
7 hacksaw
3 had
7 haggler
5 haiku
4 half
7 halogen
4 halt
6 halved
6 halves
9 hamburger
6 hamlet
7 hammock
6 hamper
7 hamster
9 hamstring
7 handbag
8 handball
8 handbook
9 handbrake
8 handcart
8 handclap
9 handclasp
9 handcraft
8 handcuff
6 handed
7 handful
8 handgrip
7 handgun
8 handheld
9 handiness
9 handiwork
9 handlebar
7 handled
7 handler
8 handling
8 handmade
7 handoff
8 handpick
9 handprint
8 handrail
7 handsaw
7 handset
9 handsfree
9 handshake
9 handstand
8 handwash
8 handwork
9 handwoven
9 handwrite
8 handyman
8 hangnail
7 hangout
8 hangover
6 hangup
9 hankering
6 hankie
5 hanky
9 haphazard
9 happening
7 happier
8 happiest
7 happily
9 happiness
5 happy
6 harbor
8 hardcopy
8 hardcore
9 hardcover
8 harddisk
8 hardened
8 hardener
9 hardening
7 hardhat
8 hardhead
9 hardiness
6 hardly
8 hardness
8 hardship
8 hardware
9 hardwired
8 hardwood
5 hardy
7 harmful
8 harmless
9 harmonica
9 harmonics
9 harmonize
7 harmony
7 harness
7 harpist
5 harsh
7 harvest
4 hash
6 hassle
5 haste
7 hastily
9 hastiness
5 hasty
6 hatbox
9 hatchback
8 hatchery
7 hatchet
8 hatching
9 hatchling
4 hate
7 hatless
6 hatred
5 haunt
5 haven
6 hazard
8 hazelnut
6 hazily
8 haziness
6 hazing
4 hazy
8 headache
8 headband
9 headboard
9 headcount
9 headdress
6 headed
6 header
9 headfirst
8 headgear
7 heading
8 headlamp
8 headless
8 headlock
9 headphone
9 headpiece
8 headrest
8 headroom
9 headscarf
7 headset
8 headsman
9 headstand
9 headstone
7 headway
8 headwear
4 heap
4 heat
5 heave
7 heavily
9 heaviness
7 heaving
5 hedge
7 hedging
9 heftiness
5 hefty
6 helium
6 helmet
6 helper
7 helpful
7 helping
8 helpless
8 helpline
7 hemlock
9 hemstitch
5 hence
8 henchman
5 henna
6 herald
6 herbal
9 herbicide
5 herbs
8 heritage
6 hermit
7 heroics
7 heroism
7 herring
7 herself
5 hertz
9 hesitancy
8 hesitant
8 hesitate
7 hexagon
8 hexagram
6 hubcap
6 huddle
8 huddling
4 huff
3 hug
4 hula
4 hulk
4 hull
5 human
6 humble
8 humbling
6 humbly
5 humid
9 humiliate
8 humility
7 humming
6 hummus
9 humongous
8 humorist
9 humorless
8 humorous
8 humpback
6 humped
6 humvee
9 hunchback
9 hundredth
6 hunger
8 hungrily
6 hungry
4 hunk
6 hunter
7 hunting
8 huntress
8 huntsman
6 hurdle
6 hurled
6 hurler
7 hurling
6 hurray
9 hurricane
7 hurried
5 hurry
4 hurt
7 husband
4 hush
6 husked
9 huskiness
3 hut
6 hybrid
7 hydrant
8 hydrated
9 hydration
8 hydrogen
9 hydroxide
9 hyperlink
9 hypertext
6 hyphen
8 hypnoses
8 hypnosis
8 hypnotic
9 hypnotism
9 hypnotist
9 hypnotize
9 hypocrisy
9 hypocrite
9 ibuprofen
3 ice
7 iciness
5 icing
4 icky
4 icon
3 icy
8 idealism
8 idealist
8 idealize
7 ideally
9 idealness
9 identical
8 identify
8 identity
8 ideology
6 idiocy
5 idiom
4 idly
5 igloo
8 ignition
6 ignore
6 iguana
9 illicitly
8 illusion
8 illusive
5 image
9 imaginary
8 imagines
7 imaging
8 imbecile
7 imitate
9 imitation
8 immature
7 immerse
9 immersion
8 imminent
8 immobile
8 immodest
9 immorally
8 immortal
9 immovable
9 immovably
8 immunity
8 immunize
8 impaired
6 impale
6 impart
9 impatient
7 impeach
8 impeding
9 impending
9 imperfect
8 imperial
6 impish
7 implant
9 implement
9 implicate
8 implicit
7 implode
9 implosion
9 implosive
5 imply
8 impolite
9 important
8 importer
6 impose
8 imposing
9 impotence
9 impotency
8 impotent
7 impound
9 imprecise
7 imprint
8 imprison
9 impromptu
8 improper
7 improve
9 improving
9 improvise
9 imprudent
7 impulse
9 impulsive
6 impure
8 impurity
6 iodine
6 iodize
3 ion
4 ipad
6 iphone
4 ipod
5 irate
3 irk
4 iron
9 irregular
8 irrigate
9 irritable
9 irritably
8 irritant
8 irritate
7 islamic
8 islamist
8 isolated
9 isolating
9 isolation
7 isotope
5 issue
7 issuing
9 italicize
7 italics
4 item
9 itinerary
6 itunes
5 ivory
3 ivy
3 jab
6 jackal
6 jacket
9 jackknife
7 jackpot
8 jailbird
9 jailbreak
6 jailer
9 jailhouse
8 jalapeno
3 jam
7 janitor
7 january
6 jargon
7 jarring
7 jasmine
8 jaundice
5 jaunt
4 java
5 jawed
7 jawless
7 jawline
4 jaws
7 jaybird
9 jaywalker
4 jazz
4 jeep
9 jeeringly
7 jellied
5 jelly
6 jersey
6 jester
3 jet
5 jiffy
6 jigsaw
5 jimmy
6 jingle
8 jingling
4 jinx
7 jitters
7 jittery
3 job
6 jockey
9 jockstrap
6 jogger
7 jogging
4 john
7 joining
8 jokester
8 jokingly
9 jolliness
5 jolly
4 jolt
3 jot
6 jovial
8 joyfully
9 joylessly
6 joyous
7 joyride
8 joystick
9 jubilance
8 jubilant
5 judge
9 judgingly
8 judicial
9 judiciary
4 judo
6 juggle
8 juggling
7 jugular
5 juice
9 juiciness
5 juicy
7 jujitsu
7 jukebox
4 july
6 jumble
5 jumbo
4 jump
8 junction
8 juncture
4 june
6 junior
7 juniper
6 junkie
7 junkman
8 junkyard
6 jurist
5 juror
4 jury
7 justice
9 justifier
7 justify
6 justly
8 justness
8 juvenile
5 kabob
8 kangaroo
7 karaoke
6 karate
5 karma
5 kebab
6 keenly
8 keenness
4 keep
3 keg
4 kelp
6 kennel
4 kept
8 kerchief
8 kerosene
6 kettle
4 kick
4 kiln
8 kilobyte
8 kilogram
9 kilometer
8 kilowatt
4 kilt
6 kimono
6 kindle
8 kindling
6 kindly
8 kindness
7 kindred
7 kinetic
7 kinfolk
4 king
7 kinship
7 kinsman
9 kinswoman
8 kissable
6 kisser
7 kissing
7 kitchen
4 kite
6 kitten
5 kitty
4 kiwi
7 kleenex
8 knapsack
4 knee
5 knelt
8 knickers
5 knoll
5 koala
5 kooky
6 kosher
7 krypton
5 kudos
4 kung
7 labored
7 laborer
8 laboring
9 laborious
8 labrador
6 ladder
6 ladies
5 ladle
7 ladybug
8 ladylike
6 lagged
7 lagging
6 lagoon
4 lair
4 lake
5 lance
6 landed
8 landfall
8 landfill
7 landing
8 landlady
8 landless
8 landline
8 landlord
8 landmark
8 landmass
8 landmine
9 landowner
9 landscape
8 landside
9 landslide
8 language
9 lankiness
5 lanky
7 lantern
6 lapdog
5 lapel
6 lapped
7 lapping
6 laptop
4 lard
5 large
4 lark
4 lash
5 lasso
4 last
5 latch
4 late
6 lather
8 latitude
7 latrine
6 latter
8 latticed
6 launch
7 launder
7 laundry
6 laurel
8 lavender
6 lavish
8 laxative
6 lazily
8 laziness
4 lazy
8 lecturer
4 left
6 legacy
5 legal
6 legend
6 legged
8 leggings
7 legible
7 legibly
9 legislate
4 lego
7 legroom
6 legume
9 legwarmer
7 legwork
5 lemon
4 lend
6 length
4 lens
4 lent
7 leotard
6 lesser
7 letdown
9 lethargic
8 lethargy
6 letter
7 lettuce
5 level
8 leverage
6 levers
8 levitate
9 levitator
9 liability
6 liable
7 liberty
9 librarian
7 library
7 licking
8 licorice
3 lid
4 life
6 lifter
7 lifting
7 liftoff
8 ligament
6 likely
8 likeness
8 likewise
6 liking
5 lilac
5 lilly
4 lily
4 limb
7 limeade
9 limelight
5 limes
5 limit
7 limping
8 limpness
4 line
5 lingo
8 linguini
8 linguist
6 lining
6 linked
8 linoleum
7 linseed
4 lint
4 lion
3 lip
7 liquefy
7 liqueur
6 liquid
4 lisp
4 list
8 litigate
9 litigator
6 litmus
6 litter
6 little
7 livable
5 lived
6 lively
5 liver
9 livestock
7 lividly
6 living
6 lizard
9 lubricant
9 lubricate
5 lucid
7 luckily
9 luckiness
8 luckless
9 lucrative
9 ludicrous
6 lugged
8 lukewarm
7 lullaby
6 lumber
9 luminance
8 luminous
9 lumpiness
7 lumping
7 lumpish
6 lunacy
5 lunar
8 lunchbox
8 luncheon
9 lunchroom
9 lunchtime
4 lung
5 lurch
4 lure
9 luridness
4 lurk
6 lushly
8 lushness
6 luster
9 lustfully
7 lustily
9 lustiness
8 lustrous
5 lusty
9 luxurious
6 luxury
5 lying
9 lyrically
8 lyricism
8 lyricist
6 lyrics
8 macarena
8 macaroni
5 macaw
4 mace
7 machine
9 machinist
8 magazine
7 magenta
6 maggot
7 magical
8 magician
5 magma
9 magnesium
8 magnetic
9 magnetism
9 magnetize
9 magnifier
7 magnify
9 magnitude
8 magnolia
8 mahogany
6 maimed
8 majestic
7 majesty
9 majorette
8 majority
8 makeover
5 maker
9 makeshift
6 making
9 malformed
4 malt
4 mama
6 mammal
7 mammary
9 mammogram
7 manager
8 managing
7 manatee
8 mandarin
7 mandate
9 mandatory
8 mandolin
6 manger
6 mangle
5 mango
5 mangy
9 manhandle
7 manhole
7 manhood
7 manhunt
9 manicotti
8 manicure
9 manifesto
6 manila
7 mankind
7 manlike
9 manliness
5 manly
7 manmade
6 manned
7 mannish
5 manor
8 manpower
6 mantis
6 mantra
6 manual
4 many
3 map
8 marathon
9 marauding
7 marbled
7 marbles
8 marbling
5 march
5 mardi
9 margarine
9 margarita
6 margin
8 marigold
6 marina
6 marine
7 marital
8 maritime
6 marlin
9 marmalade
6 maroon
7 married
6 marrow
5 marry
9 marshland
6 marshy
9 marsupial
9 marvelous
7 marxism
6 mascot
9 masculine
6 mashed
7 mashing
8 massager
6 masses
7 massive
7 mastiff
7 matador
9 matchbook
8 matchbox
7 matcher
8 matching
9 matchless
8 material
8 maternal
9 maternity
4 math
6 mating
9 matriarch
9 matrimony
6 matrix
6 matron
6 matted
6 matter
8 maturely
8 maturing
8 maturity
5 mauve
8 maverick
8 maximize
7 maximum
5 maybe
6 mayday
9 mayflower
6 moaner
7 moaning
6 mobile
8 mobility
8 mobilize
7 mobster
5 mocha
6 mocker
6 mockup
8 modified
6 modify
7 modular
9 modulator
6 module
7 moisten
9 moistness
8 moisture
5 molar
8 molasses
4 mold
9 molecular
8 molecule
8 molehill
7 mollusk
3 mom
9 monastery
6 monday
8 monetary
8 monetize
9 moneybags
9 moneyless
9 moneywise
8 mongoose
7 mongrel
7 monitor
8 monkhood
8 monogamy
8 monogram
9 monologue
8 monopoly
8 monorail
8 monotone
8 monotype
8 monoxide
8 monsieur
7 monsoon
9 monstrous
7 monthly
8 monument
7 moocher
9 moodiness
5 moody
6 mooing
8 moonbeam
6 mooned
9 moonlight
8 moonlike
7 moonlit
8 moonrise
9 moonscape
9 moonshine
9 moonstone
8 moonwalk
3 mop
6 morale
8 morality
7 morally
9 morbidity
8 morbidly
8 morphine
8 morphing
5 morse
9 mortality
8 mortally
9 mortician
9 mortified
7 mortify
8 mortuary
6 mosaic
5 mossy
4 most
8 mothball
9 mothproof
6 motion
8 motivate
9 motivator
6 motive
9 motocross
5 motor
5 motto
9 mountable
8 mountain
7 mounted
8 mounting
7 mourner
8 mournful
5 mouse
9 mousiness
9 moustache
5 mousy
5 mouth
7 movable
4 move
5 movie
6 moving
5 mower
6 mowing
4 much
4 muck
3 mud
3 mug
8 mulberry
5 mulch
4 mule
6 mulled
7 mullets
8 multiple
8 multiply
9 multitask
9 multitude
6 mumble
8 mumbling
5 mumbo
9 mummified
7 mummify
5 mummy
5 mumps
8 munchkin
7 mundane
9 municipal
6 muppet
5 mural
9 murkiness
5 murky
9 murmuring
8 muscular
6 museum
7 mushily
9 mushiness
8 mushroom
5 mushy
5 music
6 musket
9 muskiness
5 musky
7 mustang
7 mustard
6 muster
9 mustiness
5 musty
7 mutable
6 mutate
8 mutation
4 mute
9 mutilated
9 mutilator
6 mutiny
4 mutt
6 mutual
6 muzzle
6 myself
7 myspace
9 mystified
7 mystify
4 myth
5 nacho
3 nag
4 nail
4 name
6 naming
5 nanny
9 nanometer
4 nape
6 napkin
6 napped
7 napping
5 nappy
6 narrow
7 nastily
9 nastiness
8 national
6 native
8 nativity
7 natural
6 nature
8 naturist
8 nautical
8 navigate
9 navigator
4 navy
6 nearby
7 nearest
6 nearly
8 nearness
6 neatly
8 neatness
6 nebula
9 nebulizer
6 nectar
6 negate
8 negation
8 negative
9 neglector
8 negligee
9 negligent
9 negotiate
7 nemeses
7 nemesis
4 neon
6 nephew
4 nerd
7 nervous
5 nervy
4 nest
3 net
9 neurology
6 neuron
8 neurosis
8 neurotic
6 neuter
7 neutron
5 never
4 next
6 nibble
8 nickname
8 nicotine
5 niece
5 nifty
6 nimble
6 nimbly
8 nineteen
9 ninetieth
5 ninja
8 nintendo
5 ninth
7 nuclear
6 nuclei
7 nucleus
6 nugget
7 nullify
6 number
7 numbing
6 numbly
8 numbness
7 numeral
8 numerate
9 numerator
7 numeric
8 numerous
8 nuptials
7 nursery
7 nursing
7 nurture
7 nutcase
7 nutlike
6 nutmeg
8 nutrient
8 nutshell
9 nuttiness
5 nutty
6 nuzzle
5 nylon
3 oaf
3 oak
5 oasis
3 oat
9 obedience
8 obedient
8 obituary
6 object
8 obligate
7 obliged
8 oblivion
9 oblivious
6 oblong
9 obnoxious
4 oboe
7 obscure
9 obscurity
9 observant
8 observer
9 observing
8 obsessed
9 obsession
9 obsessive
8 obsolete
8 obstacle
9 obstinate
8 obstruct
6 obtain
9 obtrusive
6 obtuse
7 obvious
9 occultist
9 occupancy
8 occupant
8 occupier
6 occupy
5 ocean
6 ocelot
7 octagon
6 octane
7 october
7 octopus
4 ogle
3 oil
4 oink
8 ointment
4 okay
3 old
5 olive
8 olympics
5 omega
4 omen
7 ominous
8 omission
4 omit
8 omnivore
7 onboard
8 oncoming
7 ongoing
5 onion
6 online
8 onlooker
4 only
8 onscreen
5 onset
7 onshore
9 onslaught
7 onstage
4 onto
6 onward
4 onyx
4 oops
4 ooze
4 oozy
7 opacity
4 opal
4 open
8 operable
7 operate
9 operating
9 operation
9 operative
8 operator
5 opium
7 opossum
8 opponent
6 oppose
8 opposing
8 opposite
9 oppressed
9 oppressor
3 opt
9 opulently
7 osmosis
5 other
5 otter
4 ouch
5 ought
5 ounce
6 outage
7 outback
6 outbid
8 outboard
8 outbound
8 outbreak
8 outburst
7 outcast
8 outclass
7 outcome
8 outdated
8 outdoors
5 outer
8 outfield
6 outfit
8 outflank
8 outgoing
7 outgrow
8 outhouse
6 outing
7 outlast
6 outlet
7 outline
7 outlook
8 outlying
8 outmatch
7 outmost
9 outnumber
9 outplayed
7 outpost
7 outpour
6 output
7 outrage
7 outrank
8 outreach
8 outright
8 outscore
7 outsell
8 outshine
8 outshoot
8 outsider
9 outskirts
8 outsmart
9 outsource
9 outspoken
8 outtakes
8 outthink
7 outward
8 outweigh
6 outwit
4 oval
5 ovary
4 oven
7 overact
7 overall
8 overarch
7 overbid
8 overbill
8 overbite
9 overblown
9 overboard
8 overbook
9 overbuilt
8 overcast
8 overcoat
8 overcome
8 overcook
9 overcrowd
9 overdraft
9 overdrawn
9 overdress
9 overdrive
7 overdue
9 overeager
9 overeater
9 overexert
7 overfed
8 overfeed
8 overfill
8 overflow
8 overfull
9 overgrown
8 overhand
8 overhang
8 overhaul
8 overhead
8 overhear
8 overheat
8 overhung
9 overjoyed
8 overkill
9 overlabor
8 overlaid
7 overlap
7 overlay
8 overload
8 overlook
8 overlord
9 overlying
9 overnight
8 overpass
7 overpay
9 overplant
8 overplay
9 overpower
9 overprice
8 overrate
9 overreach
9 overreact
8 override
8 overripe
8 overrule
7 overrun
9 overshoot
8 overshot
9 oversight
9 oversized
9 oversleep
8 oversold
9 overspend
9 overstate
8 overstay
8 overstep
9 overstock
9 overstuff
9 oversweet
8 overtake
9 overthrow
8 overtime
7 overtly
8 overtone
8 overture
8 overturn
7 overuse
9 overvalue
8 overview
9 overwrite
3 owl
6 oxford
7 oxidant
9 oxidation
7 oxidize
9 oxidizing
6 oxygen
8 oxymoron
6 oyster
5 ozone
5 paced
9 pacemaker
7 pacific
8 pacifier
8 pacifism
8 pacifist
6 pacify
6 padded
7 padding
6 paddle
8 paddling
7 padlock
5 pagan
5 pager
6 paging
7 pajamas
6 palace
9 palatable
4 palm
8 palpable
9 palpitate
6 paltry
8 pampered
8 pamperer
7 pampers
8 pamphlet
6 panama
7 pancake
8 pancreas
5 panda
8 pandemic
4 pang
9 panhandle
5 panic
7 panning
8 panorama
9 panoramic
7 panther
9 pantomime
6 pantry
5 pants
9 pantyhose
9 paparazzi
6 papaya
5 paper
7 paprika
7 papyrus
8 parabola
9 parachute
6 parade
7 paradox
9 paragraph
8 parakeet
9 paralegal
9 paralyses
9 paralysis
8 paralyze
9 paramedic
9 parameter
9 paramount
8 parasail
8 parasite
9 parasitic
6 parcel
7 parched
9 parchment
6 pardon
6 parish
5 parka
7 parking
7 parkway
6 parlor
8 parmesan
6 parole
6 parrot
7 parsley
7 parsnip
7 partake
6 parted
7 parting
9 partition
6 partly
7 partner
9 partridge
5 party
8 passable
8 passably
7 passage
8 passcode
9 passenger
8 passerby
7 passing
7 passion
7 passive
9 passivism
8 passover
8 passport
8 password
5 pasta
6 pasted
6 pastel
7 pastime
6 pastor
8 pastrami
7 pasture
5 pasty
9 patchwork
6 patchy
8 paternal
9 paternity
4 path
8 patience
7 patient
5 patio
9 patriarch
7 patriot
6 patrol
9 patronage
9 patronize
6 pauper
8 pavement
5 paver
9 pavestone
8 pavilion
6 paving
6 pawing
7 payable
7 payback
8 paycheck
6 payday
5 payee
5 payer
6 paying
7 payment
8 payphone
7 payroll
6 pebble
6 pebbly
5 pecan
6 pectin
8 peculiar
8 peddling
9 pediatric
8 pedicure
8 pedigree
9 pedometer
8 pegboard
7 pelican
6 pellet
4 pelt
6 pelvis
8 penalize
7 penalty
6 pencil
7 pendant
7 pending
9 penholder
8 penknife
7 pennant
9 penniless
5 penny
6 penpal
7 pension
8 pentagon
9 pentagram
3 pep
8 perceive
7 percent
5 perch
9 percolate
9 perennial
9 perfected
9 perfectly
7 perfume
9 periscope
6 perish
8 perjurer
7 perjury
9 perkiness
5 perky
4 perm
8 peroxide
9 perpetual
9 perplexed
9 persecute
9 persevere
9 persuaded
9 persuader
5 pesky
4 peso
9 pessimism
9 pessimist
6 pester
9 pesticide
5 petal
6 petite
8 petition
5 petri
9 petroleum
6 petted
9 petticoat
9 pettiness
5 petty
7 petunia
7 phantom
6 phobia
7 phoenix
9 phonebook
6 phoney
7 phonics
9 phoniness
5 phony
9 phosphate
5 photo
6 phrase
8 phrasing
7 placard
7 placate
8 placidly
5 plank
7 planner
5 plant
6 plasma
7 plaster
7 plastic
6 plated
8 platform
7 plating
8 platinum
8 platonic
7 platter
8 platypus
9 plausible
9 plausibly
8 playable
8 playback
6 player
7 playful
9 playgroup
9 playhouse
7 playing
8 playlist
9 playmaker
8 playmate
7 playoff
7 playpen
8 playroom
7 playset
9 plaything
8 playtime
5 plaza
8 pleading
5 pleat
6 pledge
9 plentiful
6 plenty
8 plethora
9 plexiglas
7 pliable
4 plod
4 plop
4 plot
4 plow
4 ploy
5 pluck
4 plug
7 plunder
8 plunging
6 plural
4 plus
9 plutonium
7 plywood
5 poach
3 pod
4 poem
4 poet
4 pogo
7 pointed
7 pointer
8 pointing
9 pointless
6 pointy
5 poise
6 poison
5 poker
6 poking
5 polar
6 police
6 policy
5 polio
6 polish
8 politely
5 polka
4 polo
9 polyester
7 polygon
9 polygraph
7 polymer
6 poncho
4 pond
4 pony
7 popcorn
4 pope
6 poplar
6 popper
5 poppy
8 popsicle
8 populace
7 popular
8 populate
9 porcupine
4 pork
6 porous
8 porridge
8 portable
6 portal
9 portfolio
8 porthole
7 portion
6 portly
8 portside
5 poser
4 posh
6 posing
8 possible
8 possibly
6 possum
7 postage
6 postal
7 postbox
8 postcard
6 posted
6 poster
7 posting
9 postnasal
7 posture
7 postwar
5 pouch
6 pounce
8 pouncing
5 pound
7 pouring
4 pout
8 powdered
9 powdering
7 powdery
5 power
6 powwow
3 pox
8 praising
6 prance
8 prancing
7 pranker
8 prankish
9 prankster
6 prayer
7 praying
8 preacher
9 preaching
7 preachy
8 preamble
8 precinct
7 precise
9 precision
7 precook
6 precut
8 predator
9 predefine
7 predict
7 preface
6 prefix
9 preflight
9 preformed
7 pregame
9 pregnancy
8 pregnant
9 preheated
9 prelaunch
6 prelaw
7 prelude
8 premiere
8 premises
7 premium
8 prenatal
9 preoccupy
8 preorder
7 prepaid
6 prepay
7 preplan
6 preppy
9 preschool
9 prescribe
9 preseason
6 preset
7 preshow
9 president
7 presoak
5 press
7 presume
9 presuming
7 preteen
9 pretended
9 pretender
8 pretense
7 pretext
6 pretty
7 pretzel
7 prevail
9 prevalent
7 prevent
7 preview
8 previous
6 prewar
9 prewashed
8 prideful
5 pried
6 primal
9 primarily
7 primary
7 primate
6 primer
5 primp
8 princess
5 print
5 prior
5 prism
6 prison
6 prissy
8 pristine
7 privacy
7 private
9 privatize
5 prize
9 proactive
8 probable
8 probably
9 probation
5 probe
7 probing
9 probiotic
7 problem
9 procedure
7 process
8 proclaim
9 procreate
8 procurer
8 prodigal
7 prodigy
7 produce
7 product
7 profane
9 profanity
9 professed
9 professor
7 profile
8 profound
9 profusely
7 progeny
9 prognosis
7 program
8 progress
9 projector
8 prologue
9 prolonged
9 promenade
9 prominent
8 promoter
9 promotion
8 prompter
8 promptly
5 prone
5 prong
9 pronounce
6 pronto
8 proofing
9 proofread
6 proofs
9 propeller
8 properly
8 property
9 proponent
8 proposal
7 propose
5 props
7 prorate
9 protector
8 protegee
6 proton
9 prototype
9 protozoan
8 protract
8 protrude
5 proud
8 provable
6 proved
6 proven
8 provided
8 provider
9 providing
8 province
7 proving
7 provoke
9 provoking
9 provolone
7 prowess
7 prowler
8 prowling
9 proximity
5 proxy
6 prozac
5 prude
9 prudishly
5 prune
7 pruning
3 pry
7 psychic
6 public
9 publisher
6 pucker
6 pueblo
3 pug
4 pull
9 pulmonary
4 pulp
7 pulsate
5 pulse
9 pulverize
4 puma
6 pumice
6 pummel
5 punch
8 punctual
9 punctuate
9 punctured
7 pungent
8 punisher
4 punk
5 pupil
6 puppet
5 puppy
8 purchase
9 pureblood
8 purebred
6 purely
8 pureness
9 purgatory
5 purge
7 purging
8 purifier
6 purify
6 purist
7 puritan
6 purity
6 purple
8 purplish
9 purposely
4 purr
5 purse
9 pursuable
8 pursuant
7 pursuit
8 purveyor
8 pushcart
9 pushchair
6 pusher
9 pushiness
7 pushing
8 pushover
7 pushpin
6 pushup
5 pushy
7 putdown
4 putt
6 puzzle
8 puzzling
7 pyramid
9 pyromania
6 python
5 quack
8 quadrant
5 quail
8 quaintly
5 quake
7 quaking
9 qualified
9 qualifier
7 qualify
7 quality
5 qualm
7 quantum
7 quarrel
6 quarry
9 quartered
9 quarterly
8 quarters
7 quartet
6 quench
5 query
7 quicken
7 quickly
9 quickness
9 quicksand
9 quickstep
5 quiet
5 quill
5 quilt
7 quintet
9 quintuple
5 quirk
4 quit
6 quiver
9 quizzical
8 quotable
9 quotation
5 quote
5 rabid
4 race
6 racing
6 racism
4 rack
6 racoon
5 radar
6 radial
8 radiance
9 radiantly
8 radiated
9 radiation
8 radiator
5 radio
6 radish
6 raffle
4 raft
4 rage
6 ragged
6 raging
7 ragweed
6 raider
7 railcar
7 railing
8 railroad
7 railway
6 raisin
4 rake
6 raking
5 rally
6 ramble
8 rambling
4 ramp
6 ramrod
5 ranch
9 rancidity
6 random
6 ranged
6 ranger
7 ranging
6 ranked
7 ranking
7 ransack
7 ranting
5 rants
4 rare
6 rarity
6 rascal
4 rash
7 rasping
6 ravage
5 raven
6 ravine
6 raving
7 ravioli
9 ravishing
8 reabsorb
5 reach
9 reacquire
8 reaction
8 reactive
7 reactor
8 reaffirm
4 ream
9 reanalyze
8 reappear
7 reapply
9 reappoint
9 reapprove
9 rearrange
8 rearview
6 reason
8 reassign
8 reassure
8 reattach
7 reawake
9 rebalance
6 rebate
5 rebel
7 rebirth
6 reboot
6 reborn
7 rebound
6 rebuff
7 rebuild
7 rebuilt
8 reburial
8 rebuttal
6 recall
6 recant
9 recapture
6 recast
6 recede
6 recent
6 recess
9 recharger
9 recipient
7 recital
6 recite
8 reckless
7 reclaim
8 recliner
9 reclining
7 recluse
9 reclusive
9 recognize
6 recoil
9 recollect
7 recolor
9 reconcile
9 reconfirm
9 reconvene
6 recopy
6 record
7 recount
6 recoup
8 recovery
8 recreate
6 rectal
9 rectangle
9 rectified
7 rectify
8 recycled
8 recycler
9 recycling
8 reemerge
7 reenact
7 reenter
7 reentry
9 reexamine
9 referable
7 referee
9 reference
6 refill
9 refinance
7 refined
8 refinery
8 refining
8 refinish
9 reflected
9 reflector
6 reflex
6 reflux
7 refocus
6 refold
8 reforest
8 reformat
8 reformed
8 reformer
9 reformist
7 refract
7 refrain
8 refreeze
7 refresh
7 refried
9 refueling
6 refund
9 refurbish
9 refurnish
7 refusal
6 refuse
8 refusing
9 refutable
6 refute
6 regain
7 regalia
7 regally
6 reggae
6 regime
6 region
8 register
9 registrar
8 registry
7 regress
9 regretful
7 regroup
7 regular
8 regulate
9 regulator
5 rehab
6 reheat
6 rehire
9 rehydrate
9 reimburse
7 reissue
9 reiterate
7 rejoice
9 rejoicing
6 rejoin
8 rekindle
7 relapse
9 relapsing
9 relatable
7 related
8 relation
8 relative
5 relax
5 relay
7 relearn
7 release
9 relenting
8 reliable
8 reliably
8 reliance
7 reliant
5 relic
7 relieve
9 relieving
7 relight
6 relish
6 relive
6 reload
8 relocate
6 relock
9 reluctant
4 rely
6 remake
6 remark
7 remarry
7 rematch
8 remedial
6 remedy
8 remember
8 reminder
9 remindful
9 remission
5 remix
7 remnant
9 remodeler
6 remold
7 remorse
6 remote
9 removable
7 removal
7 removed
7 remover
8 removing
6 rename
8 renderer
9 rendering
9 rendition
8 renegade
9 renewable
9 renewably
7 renewal
7 renewed
8 renounce
8 renovate
9 renovator
8 rentable
6 rental
6 rented
6 renter
8 reoccupy
7 reoccur
6 reopen
7 reorder
9 repackage
9 repacking
7 repaint
6 repair
6 repave
8 repaying
9 repayment
6 repeal
8 repeated
8 repeater
6 repent
8 rephrase
7 replace
6 replay
7 replica
5 reply
8 reporter
6 repose
9 repossess
6 repost
9 repressed
9 reprimand
7 reprint
7 reprise
8 reproach
9 reprocess
9 reproduce
9 reprogram
4 reps
7 reptile
9 reptilian
9 repugnant
9 repulsion
9 repulsive
9 repurpose
9 reputable
9 reputably
7 request
7 require
9 requisite
7 reroute
5 rerun
6 resale
8 resample
7 rescuer
6 reseal
8 research
8 reselect
8 reseller
8 resemble
6 resend
6 resent
5 reset
7 reshape
7 reshoot
9 reshuffle
9 residence
9 residency
8 resident
8 residual
7 residue
8 resigned
9 resilient
9 resistant
9 resisting
6 resize
8 resolute
8 resolved
8 resonant
8 resonate
6 resort
8 resource
7 respect
8 resubmit
6 result
6 resume
8 resupply
9 resurface
9 resurrect
6 retail
8 retainer
9 retaining
6 retake
9 retaliate
9 retention
7 rethink
7 retinal
7 retired
7 retiree
8 retiring
6 retold
6 retool
8 retorted
7 retouch
7 retrace
7 retract
7 retrain
7 retread
7 retreat
7 retrial
9 retrieval
9 retriever
5 retry
6 return
7 retying
6 retype
7 reunion
7 reunite
8 reusable
5 reuse
6 reveal
7 reveler
7 revenge
7 revenue
6 reverb
7 revered
9 reverence
8 reverend
8 reversal
7 reverse
9 reversing
9 reversion
6 revert
9 revisable
6 revise
8 revision
7 revisit
9 revivable
7 revival
7 reviver
8 reviving
9 revocable
6 revoke
6 revolt
8 revolver
9 revolving
6 reward
6 rewash
6 rewind
6 rewire
6 reword
6 rework
6 rewrap
7 rewrite
5 rhyme
6 ribbon
7 ribcage
4 rice
6 riches
6 richly
8 richness
7 rickety
7 ricotta
8 riddance
6 ridden
4 ride
6 riding
7 rifling
4 rift
7 rigging
5 rigid
5 rigor
7 rimless
6 rimmed
4 rind
4 rink
5 rinse
7 rinsing
4 riot
7 ripcord
8 ripeness
8 ripening
7 ripping
6 ripple
8 rippling
7 riptide
4 rise
6 rising
4 risk
7 risotto
7 ritalin
5 ritzy
5 rival
9 riverbank
8 riverbed
9 riverboat
9 riverside
7 riveter
8 riveting
6 roamer
7 roaming
5 roast
7 robbing
4 robe
5 robin
8 robotics
6 robust
8 rockband
6 rocker
6 rocket
8 rockfish
9 rockiness
7 rocking
8 rocklike
9 rockslide
8 rockstar
5 rocky
5 rogue
5 roman
4 romp
4 rope
6 roping
6 roster
4 rosy
6 rotten
7 rotting
7 rotunda
8 roulette
8 rounding
8 roundish
9 roundness
7 roundup
9 roundworm
7 routine
7 routing
5 rover
6 roving
5 royal
6 rubbed
6 rubber
7 rubbing
6 rubble
7 rubdown
4 ruby
6 ruckus
6 rudder
3 rug
6 ruined
4 rule
6 rumble
8 rumbling
7 rummage
5 rumor
9 runaround
7 rundown
6 runner
7 running
5 runny
4 runt
6 runway
7 rupture
5 rural
4 ruse
4 rush
4 rust
3 rut
7 sabbath
8 sabotage
9 sacrament
6 sacred
9 sacrifice
6 sadden
9 saddlebag
7 saddled
8 saddling
5 sadly
7 sadness
6 safari
9 safeguard
9 safehouse
6 safely
8 safeness
7 saffron
4 saga
4 sage
7 sagging
5 saggy
4 said
5 saint
4 sake
5 salad
6 salami
8 salaried
6 salary
6 saline
5 salon
6 saloon
5 salsa
4 salt
8 salutary
6 salute
7 salvage
9 salvaging
9 salvation
4 same
6 sample
8 sampling
8 sanction
8 sanctity
9 sanctuary
6 sandal
7 sandbag
8 sandbank
7 sandbar
9 sandblast
7 sandbox
6 sanded
8 sandfish
7 sanding
7 sandlot
9 sandpaper
7 sandpit
9 sandstone
9 sandstorm
8 sandworm
5 sandy
8 sanitary
9 sanitizer
4 sank
5 santa
7 sapling
9 sappiness
5 sappy
7 sarcasm
9 sarcastic
7 sardine
4 sash
9 sasquatch
5 sassy
7 satchel
8 satiable
5 satin
9 satirical
9 satisfied
7 satisfy
8 saturate
8 saturday
9 sauciness
5 saucy
5 sauna
6 savage
7 savanna
5 saved
7 savings
6 savior
5 savor
9 saxophone
3 say
7 scabbed
6 scabby
7 scalded
8 scalding
5 scale
7 scaling
8 scallion
7 scallop
8 scalping
4 scam
7 scandal
7 scanner
8 scanning
5 scant
9 scapegoat
6 scarce
8 scarcity
9 scarecrow
6 scared
5 scarf
7 scarily
9 scariness
8 scarring
5 scary
9 scavenger
6 scenic
8 schedule
9 schematic
6 scheme
8 scheming
9 schilling
8 schnapps
7 scholar
7 science
9 scientist
5 scion
5 scoff
8 scolding
5 scone
5 scoop
7 scooter
5 scope
6 scorch
9 scorebook
9 scorecard
6 scored
9 scoreless
6 scorer
7 scoring
5 scorn
8 scorpion
6 scotch
9 scoundrel
7 scoured
8 scouring
8 scouting
6 scouts
8 scowling
8 scrabble
8 scraggly
9 scrambled
9 scrambler
5 scrap
7 scratch
7 scrawny
6 screen
8 scribble
6 scribe
8 scribing
9 scrimmage
6 script
6 scroll
7 scrooge
9 scrounger
8 scrubbed
8 scrubber
7 scruffy
7 scrunch
8 scrutiny
5 scuba
5 scuff
8 sculptor
9 sculpture
6 scurvy
7 scuttle
8 secluded
9 secluding
9 seclusion
6 second
7 secrecy
6 secret
9 sectional
6 sector
7 secular
8 securely
8 security
5 sedan
6 sedate
8 sedation
8 sedative
8 sediment
6 seduce
8 seducing
7 segment
7 seismic
7 seizing
6 seldom
8 selected
9 selection
9 selective
8 selector
4 self
7 seltzer
8 semantic
8 semester
9 semicolon
9 semifinal
7 seminar
8 semisoft
9 semisweet
6 senate
7 senator
4 send
6 senior
8 senorita
9 sensation
9 sensitive
9 sensitize
9 sensually
8 sensuous
5 sepia
9 september
6 septic
6 septum
6 sequel
8 sequence
9 sequester
6 series
6 sermon
9 serotonin
7 serpent
8 serrated
5 serve
7 service
7 serving
6 sesame
8 sessions
7 setback
7 setting
6 settle
8 settling
5 setup
9 sevenfold
9 seventeen
7 seventh
7 seventy
8 severity
6 shabby
5 shack
6 shaded
7 shadily
9 shadiness
7 shading
6 shadow
5 shady
5 shaft
8 shakable
7 shakily
9 shakiness
7 shaking
5 shaky
5 shale
7 shallot
7 shallow
5 shame
7 shampoo
8 shamrock
5 shank
6 shanty
5 shape
7 shaping
5 share
9 sharpener
7 sharper
7 sharpie
7 sharply
9 sharpness
5 shawl
6 sheath
4 shed
5 sheep
5 sheet
5 shelf
5 shell
7 shelter
6 shelve
8 shelving
6 sherry
6 shield
7 shifter
8 shifting
9 shiftless
6 shifty
7 shimmer
6 shimmy
7 shindig
5 shine
7 shingle
9 shininess
7 shining
5 shiny
4 ship
5 shirt
9 shivering
5 shock
5 shone
8 shoplift
7 shopper
8 shopping
8 shoptalk
5 shore
8 shortage
9 shortcake
8 shortcut
7 shorten
7 shorter
9 shorthand
9 shortlist
7 shortly
9 shortness
6 shorts
9 shortwave
6 shorty
5 shout
5 shove
7 showbiz
8 showcase
8 showdown
6 shower
8 showgirl
7 showing
7 showman
5 shown
7 showoff
9 showpiece
9 showplace
8 showroom
5 showy
6 shrank
8 shrapnel
8 shredder
9 shredding
8 shrewdly
6 shriek
6 shrill
6 shrimp
6 shrine
6 shrink
7 shrivel
8 shrouded
9 shrubbery
6 shrubs
5 shrug
6 shrunk
8 shucking
7 shudder
7 shuffle
9 shuffling
4 shun
5 shush
4 shut
3 shy
7 siamese
8 siberian
7 sibling
6 siding
6 sierra
6 siesta
4 sift
7 sighing
8 silenced
8 silencer
6 silent
6 silica
7 silicon
4 silk
9 silliness
5 silly
4 silo
4 silt
6 silver
9 similarly
6 simile
9 simmering
6 simple
8 simplify
6 simply
7 sincere
9 sincerity
6 singer
7 singing
6 single
8 singular
8 sinister
7 sinless
6 sinner
7 sinuous
3 sip
5 siren
6 sister
6 sitcom
6 sitter
7 sitting
8 situated
9 situation
7 sixfold
7 sixteen
5 sixth
7 sixties
8 sixtieth
9 sixtyfold
7 sizable
7 sizably
4 size
6 sizing
6 sizzle
8 sizzling
6 skater
7 skating
9 skedaddle
8 skeletal
8 skeleton
7 skeptic
6 sketch
6 skewed
6 skewer
4 skid
5 skied
5 skier
5 skies
6 skiing
7 skilled
7 skillet
8 skillful
7 skimmed
7 skimmer
8 skimming
8 skimpily
8 skincare
8 skinhead
8 skinless
8 skinning
6 skinny
9 skintight
7 skipper
8 skipping
8 skirmish
5 skirt
7 skittle
8 skydiver
8 skylight
7 skyline
5 skype
9 skyrocket
7 skyward
4 slab
7 slacked
7 slacker
8 slacking
9 slackness
6 slacks
5 slain
4 slam
7 slander
5 slang
8 slapping
9 slapstick
7 slashed
8 slashing
5 slate
7 slather
4 slaw
4 sled
5 sleek
5 sleep
5 sleet
6 sleeve
5 slept
9 sliceable
6 sliced
6 slicer
7 slicing
5 slick
6 slider
9 slideshow
7 sliding
8 slighted
9 slighting
8 slightly
8 slimness
5 slimy
8 slinging
9 slingshot
6 slinky
4 slip
4 slit
6 sliver
8 slobbery
6 slogan
6 sloped
7 sloping
8 sloppily
6 sloppy
4 slot
9 slouching
7 slouchy
6 sludge
4 slug
4 slum
5 slurp
5 slush
3 sly
5 small
7 smartly
9 smartness
7 smasher
8 smashing
7 smashup
5 smell
8 smelting
5 smile
9 smilingly
5 smirk
5 smite
5 smith
7 smitten
5 smock
4 smog
6 smoked
9 smokeless
9 smokiness
7 smoking
5 smoky
7 smolder
6 smooth
7 smother
6 smudge
6 smudgy
8 smuggler
9 smuggling
6 smugly
8 smugness
5 snack
7 snagged
7 snaking
4 snap
5 snare
5 snarl
6 snazzy
5 sneak
5 sneer
6 sneeze
8 sneezing
5 snide
5 sniff
7 snippet
8 snipping
6 snitch
7 snooper
6 snooze
5 snore
7 snoring
7 snorkel
5 snort
5 snout
8 snowbird
9 snowboard
9 snowbound
7 snowcap
9 snowdrift
8 snowdrop
8 snowfall
9 snowfield
9 snowflake
9 snowiness
8 snowless
7 snowman
8 snowplow
8 snowshoe
9 snowstorm
8 snowsuit
5 snowy
4 snub
5 snuff
7 snuggle
6 snugly
8 snugness
5 speak
9 spearfish
9 spearhead
8 spearman
9 spearmint
7 species
8 specimen
7 specked
8 speckled
6 specks
9 spectacle
9 spectator
8 spectrum
9 speculate
6 speech
5 speed
9 spellbind
7 speller
8 spelling
9 spendable
7 spender
8 spending
5 spent
4 spew
6 sphere
9 spherical
6 sphinx
6 spider
5 spied
6 spiffy
5 spill
5 spilt
7 spinach
6 spinal
7 spindle
7 spinner
8 spinning
7 spinout
8 spinster
5 spiny
6 spiral
8 spirited
9 spiritism
7 spirits
9 spiritual
8 splashed
9 splashing
7 splashy
8 splatter
6 spleen
8 splendid
8 splendor
6 splice
8 splicing
8 splinter
8 splotchy
7 splurge
8 spoilage
7 spoiled
7 spoiler
8 spoiling
6 spoils
6 spoken
9 spokesman
6 sponge
6 spongy
7 sponsor
5 spoof
8 spookily
6 spooky
5 spool
5 spoon
5 spore
8 sporting
6 sports
6 sporty
8 spotless
9 spotlight
7 spotted
7 spotter
8 spotting
6 spotty
7 spousal
6 spouse
5 spout
6 sprain
6 sprang
6 sprawl
5 spray
5 spree
5 sprig
6 spring
9 sprinkled
9 sprinkler
6 sprint
6 sprite
6 sprout
6 spruce
6 sprung
4 spry
4 spud
4 spur
7 sputter
8 spyglass
8 squabble
5 squad
6 squall
8 squander
6 squash
8 squatted
8 squatter
9 squatting
6 squeak
8 squealer
9 squealing
9 squeamish
8 squeegee
7 squeeze
9 squeezing
5 squid
8 squiggle
8 squiggly
6 squint
6 squire
6 squirt
9 squishier
7 squishy
9 stability
9 stabilize
6 stable
5 stack
7 stadium
5 staff
5 stage
7 staging
8 stagnant
8 stagnate
9 stainable
7 stained
8 staining
9 stainless
9 stalemate
9 staleness
8 stalling
8 stallion
7 stamina
7 stammer
5 stamp
5 stand
5 stank
6 staple
8 stapling
9 starboard
6 starch
7 stardom
8 stardust
8 starfish
9 stargazer
7 staring
5 stark
8 starless
7 starlet
9 starlight
7 starlit
8 starring
6 starry
8 starship
7 starter
8 starting
7 startle
9 startling
7 startup
7 starved
8 starving
5 stash
5 state
6 static
9 statistic
6 statue
7 stature
6 status
7 statute
9 statutory
7 staunch
5 stays
9 steadfast
8 steadier
8 steadily
9 steadying
5 steam
5 steed
5 steep
9 steerable
8 steering
9 steersman
9 stegosaur
7 stellar
4 stem
6 stench
7 stencil
4 step
6 stereo
7 sterile
9 sterility
9 sterilize
8 sterling
9 sternness
7 sternum
4 stew
5 stick
7 stiffen
7 stiffly
9 stiffness
6 stifle
8 stifling
9 stillness
5 stilt
9 stimulant
9 stimulate
7 stimuli
8 stimulus
7 stinger
8 stingily
8 stinging
8 stingray
6 stingy
8 stinking
6 stinky
7 stipend
9 stipulate
4 stir
6 stitch
5 stock
5 stoic
5 stoke
5 stole
5 stomp
9 stonewall
9 stoneware
9 stonework
7 stoning
5 stony
5 stood
6 stooge
5 stool
5 stoop
9 stoplight
9 stoppable
8 stoppage
7 stopped
7 stopper
8 stopping
9 stopwatch
8 storable
7 storage
9 storeroom
9 storewide
5 storm
5 stout
5 stove
8 stowaway
7 stowing
8 straddle
9 straggler
8 strained
8 strainer
9 straining
9 strangely
8 stranger
8 strangle
9 strategic
8 strategy
7 stratus
5 straw
5 stray
6 streak
6 stream
6 street
8 strength
9 strenuous
5 strep
6 stress
7 stretch
6 strewn
8 stricken
6 strict
6 stride
6 strife
6 strike
8 striking
6 strive
8 striving
6 strobe
6 strode
8 stroller
9 strongbox
8 strongly
9 strongman
6 struck
9 structure
7 strudel
8 struggle
5 strum
6 strung
5 strut
7 stubbed
7 stubble
7 stubbly
8 stubborn
6 stucco
5 stuck
7 student
7 studied
6 studio
5 study
7 stuffed
8 stuffing
6 stuffy
7 stumble
9 stumbling
5 stump
5 stung
7 stunned
7 stunner
8 stunning
5 stunt
6 stupor
8 sturdily
6 sturdy
7 styling
9 stylishly
7 stylist
8 stylized
6 stylus
5 suave
9 subarctic
9 subatomic
9 subdivide
7 subdued
8 subduing
8 subfloor
8 subgroup
9 subheader
7 subject
8 sublease
6 sublet
8 sublevel
7 sublime
9 submarine
8 submerge
9 submersed
9 submitter
8 subpanel
6 subpar
7 subplot
8 subprime
9 subscribe
9 subscript
9 subsector
7 subside
9 subsiding
9 subsidize
7 subsidy
7 subsoil
8 subsonic
9 substance
9 subsystem
7 subtext
8 subtitle
6 subtly
8 subtotal
8 subtract
7 subtype
6 suburb
6 subway
9 subwoofer
7 subzero
9 succulent
4 such
7 suction
6 sudden
6 sudoku
4 suds
8 sufferer
9 suffering
7 suffice
6 suffix
9 suffocate
8 suffrage
5 sugar
7 suggest
5 suing
8 suitable
8 suitably
8 suitcase
6 suitor
7 sulfate
7 sulfide
7 sulfite
6 sulfur
4 sulk
6 sullen
8 sulphate
9 sulphuric
6 sultry
9 superbowl
9 superglue
9 superhero
8 superior
8 superjet
8 superman
8 supermom
9 supernova
9 supervise
6 supper
8 supplier
6 supply
7 support
9 supremacy
7 supreme
9 surcharge
6 surely
8 sureness
7 surface
9 surfacing
9 surfboard
6 surfer
7 surgery
8 surgical
7 surging
7 surname
7 surpass
7 surplus
8 surprise
7 surreal
9 surrender
9 surrogate
8 surround
6 survey
8 survival
7 survive
9 surviving
8 survivor
5 sushi
7 suspect
7 suspend
8 suspense
9 sustained
9 sustainer
4 swab
9 swaddling
7 swagger
9 swampland
4 swan
8 swapping
5 swarm
4 sway
5 swear
5 sweat
5 sweep
5 swell
5 swept
6 swerve
7 swifter
7 swiftly
9 swiftness
9 swimmable
7 swimmer
8 swimming
8 swimsuit
8 swimwear
7 swinger
8 swinging
5 swipe
5 swirl
6 switch
6 swivel
7 swizzle
7 swooned
5 swoop
6 swoosh
5 swore
5 sworn
5 swung
8 sycamore
8 sympathy
9 symphonic
8 symphony
7 symptom
7 synapse
8 syndrome
7 synergy
8 synopses
8 synopsis
9 synthesis
9 synthetic
5 syrup
6 system
7 t-shirt
7 tabasco
5 tabby
8 tableful
6 tables
6 tablet
9 tableware
7 tabloid
9 tackiness
7 tacking
6 tackle
8 tackling
5 tacky
4 taco
7 tactful
8 tactical
7 tactics
7 tactile
8 tactless
7 tadpole
9 taekwondo
3 tag
7 tainted
4 take
6 taking
6 talcum
8 talisman
4 tall
5 talon
6 tamale
8 tameness
5 tamer
6 tamper
4 tank
6 tanned
7 tannery
7 tanning
7 tantrum
8 tapeless
7 tapered
8 tapering
8 tapestry
7 tapioca
7 tapping
4 taps
9 tarantula
6 target
6 tarmac
7 tarnish
5 tarot
6 tartar
6 tartly
8 tartness
4 task
6 tassel
5 taste
9 tastiness
7 tasting
5 tasty
8 tattered
6 tattle
8 tattling
6 tattoo
5 taunt
6 tavern
5 thank
4 that
4 thaw
7 theater
9 theatrics
4 thee
5 theft
5 theme
8 theology
8 theorize
7 thermal
7 thermos
9 thesaurus
5 these
6 thesis
8 thespian
7 thicken
7 thicket
9 thickness
8 thieving
8 thievish
5 thigh
7 thimble
5 thing
5 think
6 thinly
7 thinner
8 thinness
8 thinning
9 thirstily
9 thirsting
7 thirsty
8 thirteen
6 thirty
5 thong
5 thorn
5 those
8 thousand
6 thrash
6 thread
8 threaten
9 threefold
6 thrift
6 thrill
6 thrive
8 thriving
6 throat
9 throbbing
6 throng
8 throttle
9 throwaway
9 throwback
7 thrower
8 throwing
4 thud
5 thumb
8 thumping
8 thursday
4 thus
9 thwarting
7 thyself
5 tiara
5 tibia
5 tidal
6 tidbit
8 tidiness
7 tidings
4 tidy
5 tiger
7 tighten
7 tightly
9 tightness
9 tightrope
8 tightwad
7 tigress
4 tile
6 tiling
4 till
4 tilt
5 timid
6 timing
7 timothy
9 tinderbox
7 tinfoil
6 tingle
8 tingling
6 tingly
6 tinker
8 tinkling
6 tinsel
8 tinsmith
4 tint
7 tinwork
4 tiny
6 tipoff
6 tipped
6 tipper
7 tipping
9 tiptoeing
6 tiptop
6 tiring
6 tissue
5 trace
7 tracing
5 track
8 traction
7 tractor
5 trade
7 trading
9 tradition
7 traffic
7 tragedy
8 trailing
9 trailside
5 train
7 traitor
6 trance
8 tranquil
8 transfer
9 transform
9 translate
9 transpire
9 transport
9 transpose
8 trapdoor
7 trapeze
9 trapezoid
7 trapped
7 trapper
8 trapping
5 traps
5 trash
6 travel
8 traverse
8 travesty
4 tray
9 treachery
8 treading
9 treadmill
7 treason
5 treat
6 treble
4 tree
7 trekker
7 tremble
9 trembling
6 tremor
6 trench
5 trend
8 trespass
6 triage
5 trial
8 triangle
9 tribesman
8 tribunal
7 tribune
9 tributary
7 tribute
7 triceps
8 trickery
8 trickily
8 tricking
7 trickle
9 trickster
6 tricky
8 tricolor
8 tricycle
7 trident
5 tried
6 trifle
9 trifocals
8 trillion
7 trilogy
9 trimester
7 trimmer
8 trimming
8 trimness
7 trinity
4 trio
6 tripod
8 tripping
7 triumph
7 trivial
7 trodden
8 trolling
8 trombone
6 trophy
8 tropical
7 tropics
7 trouble
9 troubling
6 trough
8 trousers
5 trout
6 trowel
5 truce
5 truck
7 truffle
5 trump
6 trunks
9 trustable
7 trustee
8 trustful
8 trusting
9 trustless
5 truth
3 try
5 tubby
8 tubeless
7 tubular
7 tucking
7 tuesday
3 tug
7 tuition
5 tulip
6 tumble
8 tumbling
5 tummy
6 turban
7 turbine
8 turbofan
8 turbojet
9 turbulent
4 turf
6 turkey
7 turmoil
6 turret
6 turtle
4 tusk
5 tutor
4 tutu
3 tux
5 tweak
5 tweed
5 tweet
8 tweezers
6 twelve
9 twentieth
6 twenty
5 twerp
5 twice
7 twiddle
9 twiddling
4 twig
8 twilight
5 twine
5 twins
5 twirl
9 twistable
7 twisted
7 twister
8 twisting
6 twisty
6 twitch
7 twitter
6 tycoon
5 tying
4 tyke
5 udder
8 ultimate
9 ultimatum
5 ultra
9 umbilical
8 umbrella
6 umpire
9 unabashed
6 unable
9 unadorned
9 unadvised
8 unafraid
7 unaired
9 unaligned
9 unaltered
9 unarmored
9 unashamed
9 unaudited
7 unawake
7 unaware
7 unbaked
9 unbalance
8 unbeaten
6 unbend
6 unbent
8 unbiased
8 unbitten
9 unblended
9 unblessed
7 unblock
8 unbolted
9 unbounded
7 unboxed
9 unbraided
8 unbridle
8 unbroken
9 unbuckled
8 unbundle
8 unburned
8 unbutton
7 uncanny
8 uncapped
8 uncaring
9 uncertain
7 unchain
9 unchanged
9 uncharted
7 uncheck
7 uncivil
6 unclad
9 unclaimed
9 unclamped
7 unclasp
5 uncle
6 unclip
7 uncloak
6 unclog
9 unclothed
8 uncoated
8 uncoiled
9 uncolored
8 uncombed
8 uncommon
8 uncooked
6 uncork
9 uncorrupt
9 uncounted
8 uncouple
7 uncouth
7 uncover
7 uncross
7 uncrown
9 uncrushed
7 uncured
9 uncurious
8 uncurled
5 uncut
9 undamaged
7 undated
9 undaunted
6 undead
9 undecided
9 undefined
8 underage
8 underarm
9 undercoat
9 undercook
8 undercut
8 underdog
9 underdone
8 underfed
9 underfeed
9 underfoot
7 undergo
9 undergrad
9 underhand
9 underline
9 underling
9 undermine
9 undermost
9 underpaid
9 underpass
8 underpay
9 underrate
9 undertake
9 undertone
9 undertook
8 undertow
8 underuse
9 underwear
9 underwent
9 underwire
9 undesired
9 undiluted
9 undivided
8 undocked
7 undoing
6 undone
9 undrafted
7 undress
9 undrilled
8 undusted
7 undying
8 unearned
7 unearth
6 unease
8 uneasily
6 uneasy
9 uneatable
7 uneaten
8 unedited
9 unelected
8 unending
9 unengaged
8 unenvied
7 unequal
9 unethical
6 uneven
9 unexpired
9 unexposed
9 unfailing
6 unfair
8 unfasten
7 unfazed
9 unfeeling
7 unfiled
8 unfilled
8 unfitted
9 unfitting
9 unfixable
7 unfixed
8 unflawed
9 unfocused
6 unfold
9 unfounded
8 unframed
8 unfreeze
9 unfrosted
8 unfrozen
8 unfunded
8 unglazed
8 ungloved
6 unglue
7 ungodly
8 ungraded
9 ungreased
9 unguarded
8 unguided
9 unhappily
7 unhappy
8 unharmed
9 unhealthy
7 unheard
9 unhearing
8 unheated
9 unhelpful
8 unhidden
7 unhinge
9 unhitched
6 unholy
6 unhook
7 unicorn
8 unicycle
7 unified
7 unifier
9 uniformed
9 uniformly
5 unify
9 unimpeded
9 uninjured
9 uninstall
9 uninsured
9 uninvited
5 union
8 uniquely
9 unisexual
6 unison
8 unissued
4 unit
9 universal
8 universe
8 unjustly
7 unkempt
6 unkind
9 unknotted
9 unknowing
7 unknown
7 unlaced
7 unlatch
8 unlawful
8 unleaded
9 unlearned
7 unleash
6 unless
9 unleveled
9 unlighted
9 unlikable
9 unlimited
7 unlined
8 unlinked
8 unlisted
5 unlit
9 unlivable
8 unloaded
8 unloader
8 unlocked
9 unlocking
9 unlovable
7 unloved
8 unlovely
8 unloving
9 unluckily
7 unlucky
6 unmade
9 unmanaged
8 unmanned
8 unmapped
8 unmarked
8 unmasked
9 unmasking
9 unmatched
9 unmindful
9 unmixable
7 unmixed
8 unmolded
7 unmoral
9 unmovable
7 unmoved
8 unmoving
9 unnamable
7 unnamed
9 unnatural
8 unneeded
7 unnerve
9 unnerving
9 unnoticed
8 unopened
9 unopposed
6 unpack
8 unpadded
6 unpaid
9 unpainted
8 unpaired
7 unpaved
8 unpeeled
8 unpicked
9 unpiloted
8 unpinned
9 unplanned
9 unplanted
9 unpleased
9 unpledged
8 unplowed
6 unplug
9 unpopular
8 unproven
7 unquote
8 unranked
7 unrated
9 unraveled
9 unreached
6 unread
6 unreal
9 unreeling
9 unrefined
9 unrelated
8 unrented
6 unrest
9 unretired
9 unrevised
8 unrigged
6 unripe
9 unrivaled
9 unroasted
7 unrobed
6 unroll
9 unruffled
6 unruly
8 unrushed
8 unsaddle
6 unsafe
6 unsaid
8 unsalted
7 unsaved
8 unsavory
9 unscathed
9 unscented
7 unscrew
8 unsealed
8 unseated
9 unsecured
8 unseeing
8 unseemly
6 unseen
8 unselect
9 unselfish
6 unsent
9 unsettled
9 unshackle
8 unshaken
8 unshaved
8 unshaven
9 unsheathe
9 unshipped
9 unsightly
8 unsigned
9 unskilled
8 unsliced
8 unsmooth
6 unsnap
8 unsocial
8 unsoiled
6 unsold
8 unsolved
8 unsorted
9 unspoiled
8 unspoken
8 unstable
9 unstaffed
9 unstamped
8 unsteady
9 unsterile
9 unstirred
8 unstitch
9 unstopped
7 unstuck
9 unstuffed
9 unstylish
8 unsubtle
8 unsubtly
8 unsuited
6 unsure
7 unsworn
8 untagged
9 untainted
7 untaken
7 untamed
9 untangled
8 untapped
7 untaxed
8 unthawed
8 unthread
6 untidy
5 untie
5 until
7 untimed
8 untimely
8 untitled
9 untoasted
6 untold
9 untouched
9 untracked
9 untrained
9 untreated
7 untried
9 untrimmed
6 untrue
7 untruth
8 unturned
7 untwist
7 untying
8 unusable
6 unused
7 unusual
8 unvalued
8 unvaried
9 unvarying
8 unveiled
9 unveiling
8 unvented
8 unviable
9 unvisited
7 unvocal
8 unwanted
9 unwarlike
6 unwary
8 unwashed
9 unwatched
7 unweave
5 unwed
9 unwelcome
6 unwell
8 unwieldy
9 unwilling
6 unwind
7 unwired
9 unwitting
9 unwomanly
9 unworldly
6 unworn
9 unworried
8 unworthy
7 unwound
7 unwoven
9 unwrapped
9 unwritten
5 unzip
6 upbeat
7 upchuck
8 upcoming
9 upcountry
6 update
7 upfront
7 upgrade
8 upheaval
6 upheld
6 uphill
6 uphold
8 uplifted
9 uplifting
6 upload
4 upon
5 upper
7 upright
8 uprising
7 upriver
6 uproar
6 uproot
7 upscale
6 upside
7 upstage
8 upstairs
7 upstart
7 upstate
8 upstream
8 upstroke
7 upswing
6 uptake
7 uptight
6 uptown
8 upturned
6 upward
6 upwind
7 uranium
5 urban
6 urchin
8 urethane
7 urgency
6 urgent
6 urging
9 urologist
7 urology
6 usable
5 usage
7 useable
4 used
9 uselessly
4 user
5 usher
5 usual
7 utensil
7 utility
7 utilize
6 utmost
6 utopia
5 utter
7 vacancy
6 vacant
6 vacate
8 vacation
8 vagabond
8 vagrancy
9 vagrantly
7 vaguely
9 vagueness
7 valiant
5 valid
6 valium
6 valley
9 valuables
5 value
7 vanilla
6 vanish
6 vanity
8 vanquish
7 vantage
9 vaporizer
8 variable
8 variably
6 varied
7 variety
7 various
7 varmint
7 varnish
7 varsity
7 varying
8 vascular
8 vaseline
6 vastly
8 vastness
4 veal
5 vegan
6 veggie
9 vehicular
6 velcro
8 velocity
6 velvet
8 vendetta
7 vending
6 vendor
9 veneering
8 vengeful
8 venomous
9 ventricle
7 venture
5 venue
5 venus
9 verbalize
8 verbally
7 verbose
7 verdict
6 verify
5 verse
7 version
6 versus
9 vertebrae
8 vertical
7 vertigo
4 very
6 vessel
4 vest
7 veteran
4 veto
8 vexingly
9 viability
6 viable
5 vibes
4 vice
8 vicinity
7 victory
5 video
8 viewable
6 viewer
7 viewing
8 viewless
9 viewpoint
8 vigorous
7 village
7 villain
9 vindicate
8 vineyard
7 vintage
7 violate
9 violation
8 violator
6 violet
6 violin
5 viper
5 viral
7 virtual
8 virtuous
5 virus
4 visa
9 viscosity
7 viscous
8 viselike
7 visible
7 visibly
6 vision
8 visiting
7 visitor
5 visor
5 vista
8 vitality
8 vitalize
7 vitally
8 vitamins
9 vivacious
7 vividly
9 vividness
5 vixen
8 vocalist
8 vocalize
7 vocally
8 vocation
5 voice
7 voicing
4 void
8 volatile
6 volley
7 voltage
7 volumes
5 voter
6 voting
7 voucher
5 vowed
5 vowel
6 voyage
9 wackiness
3 wad
5 wafer
6 waffle
5 waged
5 wager
5 wages
6 waggle
5 wagon
4 wake
6 waking
4 walk
7 walmart
6 walnut
6 walrus
5 waltz
4 wand
7 wannabe
6 wanted
7 wanting
6 wasabi
8 washable
9 washbasin
9 washboard
8 washbowl
9 washcloth
7 washday
6 washed
6 washer
9 washhouse
7 washing
7 washout
8 washroom
9 washstand
7 washtub
4 wasp
7 wasting
5 watch
5 water
8 waviness
6 waving
4 wavy
8 whacking
6 whacky
4 wham
5 wharf
5 wheat
8 whenever
5 whiff
9 whimsical
6 whinny
5 whiny
8 whisking
7 whoever
5 whole
8 whomever
7 whoopee
8 whooping
6 whoops
3 why
4 wick
6 widely
5 widen
6 widget
5 widow
5 width
9 wieldable
7 wielder
4 wife
4 wifi
9 wikipedia
8 wildcard
7 wildcat
6 wilder
8 wildfire
8 wildfowl
8 wildland
8 wildlife
6 wildly
8 wildness
6 willed
9 willfully
7 willing
6 willow
9 willpower
4 wilt
4 wimp
5 wince
7 wincing
4 wind
4 wing
7 winking
6 winner
8 winnings
6 winter
4 wipe
5 wired
8 wireless
6 wiring
4 wiry
6 wisdom
4 wise
4 wish
8 wisplike
5 wispy
7 wistful
6 wizard
6 wobble
8 wobbling
6 wobbly
3 wok
4 wolf
9 wolverine
9 womanhood
9 womankind
9 womanless
9 womanlike
7 womanly
4 womb
4 woof
6 wooing
4 wool
5 woozy
4 word
4 work
7 worried
7 worrier
9 worrisome
5 worry
9 worsening
9 worshiper
5 worst
5 wound
5 woven
3 wow
7 wrangle
5 wrath
6 wreath
8 wreckage
7 wrecker
8 wrecking
6 wrench
7 wriggle
7 wriggly
7 wrinkle
7 wrinkly
5 wrist
7 writing
7 written
9 wrongdoer
7 wronged
8 wrongful
7 wrongly
9 wrongness
7 wrought
4 xbox
5 xerox
5 yahoo
3 yam
7 yanking
7 yapping
4 yard
4 yarn
4 yeah
8 yearbook
8 yearling
6 yearly
8 yearning
5 yeast
7 yelling
4 yelp
3 yen
9 yesterday
7 yiddish
5 yield
3 yin
6 yippee
5 yo-yo
5 yodel
4 yoga
6 yogurt
6 yonder
4 yoyo
5 yummy
3 zap
7 zealous
5 zebra
3 zen
8 zeppelin
4 zero
9 zestfully
5 zesty
9 zigzagged
7 zipfile
7 zipping
5 zippy
4 zips
3 zit
6 zodiac
6 zombie
4 zone
6 zoning
9 zookeeper
9 zoologist
7 zoology
4 zoom
